Component: ARM Compiler 5.06 update 4 (build 422) Tool: armlink [4d35d2]

==============================================================================

Section Cross References

    main.o(i._Z13read_switchesv) refers to main.o(i._Z8fpgaWord5INSTRt) for fpgaWord(INSTR, unsigned short)
    main.o(i._Z13read_switchesv) refers to main.o(i._Z13spi_readwritet) for spi_readwrite(unsigned short)
    main.o(i._Z13read_switchesv) refers to mbed_wait_api_no_rtos.o(i.wait_us) for wait_us
    main.o(i._Z13read_switchesv) refers to __2printf.o(.text) for __2printf
    main.o(i._Z13spi_readwritet) refers to main.o(i._ZN4mbed10DigitalOutaSEi) for mbed::DigitalOut::operator =(int)
    main.o(i._Z13spi_readwritet) refers to SPI.o(i._ZN4mbed3SPI5writeEi) for mbed::SPI::write(int)
    main.o(i._Z13spi_readwritet) refers to mbed_wait_api_no_rtos.o(i.wait_us) for wait_us
    main.o(i._Z13spi_readwritet) refers to main.o(.bss) for cs
    main.o(i._Z4pingv) refers to _printf_percent.o(.ARM.Collect$$_printf_percent$$00000000) for _printf_percent
    main.o(i._Z4pingv) refers to _printf_x.o(.ARM.Collect$$_printf_percent$$0000000C) for _printf_x
    main.o(i._Z4pingv) refers to _printf_hex_int_ll_ptr.o(.text) for _printf_longlong_hex
    main.o(i._Z4pingv) refers to rand.o(.emb_text) for rand
    main.o(i._Z4pingv) refers to main.o(i._Z8fpgaWord5INSTRt) for fpgaWord(INSTR, unsigned short)
    main.o(i._Z4pingv) refers to main.o(i._Z13spi_readwritet) for spi_readwrite(unsigned short)
    main.o(i._Z4pingv) refers to mbed_wait_api_no_rtos.o(i.wait_ms) for wait_ms
    main.o(i._Z4pingv) refers to __2printf.o(.text) for __2printf
    main.o(i.__sti___8_main_cpp_161c29f6) refers to SPI.o(i._ZN4mbed3SPIC1E7PinNameS1_S1_S1_) for mbed::SPI::SPI(PinName, PinName, PinName, PinName)
    main.o(i.__sti___8_main_cpp_161c29f6) refers to mbed_retarget.o(i.__aeabi_atexit) for __aeabi_atexit
    main.o(i.__sti___8_main_cpp_161c29f6) refers to rt_memclr_w.o(.text) for __aeabi_memclr4
    main.o(i.__sti___8_main_cpp_161c29f6) refers to mbed_gpio.o(i.gpio_init_out) for gpio_init_out
    main.o(i.__sti___8_main_cpp_161c29f6) refers to mbed_gpio.o(i.gpio_init_in) for gpio_init_in
    main.o(i.__sti___8_main_cpp_161c29f6) refers to main.o(.bss) for spi
    main.o(i.__sti___8_main_cpp_161c29f6) refers to SPI.o(i._ZN4mbed3SPID1Ev) for mbed::SPI::~SPI()
    main.o(i.main) refers to main.o(i._ZN4mbed10DigitalOutaSEi) for mbed::DigitalOut::operator =(int)
    main.o(i.main) refers to SPI.o(i._ZN4mbed3SPI6formatEii) for mbed::SPI::format(int, int)
    main.o(i.main) refers to SPI.o(i._ZN4mbed3SPI9frequencyEi) for mbed::SPI::frequency(int)
    main.o(i.main) refers to mbed_wait_api_no_rtos.o(i.wait_ms) for wait_ms
    main.o(i.main) refers to main.o(i._Z8fpgaWord5INSTRt) for fpgaWord(INSTR, unsigned short)
    main.o(i.main) refers to main.o(i._Z13spi_readwritet) for spi_readwrite(unsigned short)
    main.o(i.main) refers to __2printf.o(.text) for __2printf
    main.o(i.main) refers to main.o(i._Z13read_switchesv) for read_switches()
    main.o(i.main) refers to main.o(i._Z4pingv) for ping()
    main.o(i.main) refers to main.o(.bss) for cs
    main.o(.ARM.exidx) refers to main.o(i._Z8fpgaWord5INSTRt) for i._Z8fpgaWord5INSTRt
    main.o(.ARM.exidx) refers to main.o(i._Z13spi_readwritet) for i._Z13spi_readwritet
    main.o(.ARM.exidx) refers to main.o(i._Z4pingv) for i._Z4pingv
    main.o(.ARM.exidx) refers to main.o(i._Z13read_switchesv) for i._Z13read_switchesv
    main.o(.ARM.exidx) refers to main.o(i.main) for i.main
    main.o(.ARM.exidx) refers to main.o(i.__sti___8_main_cpp_161c29f6) for i.__sti___8_main_cpp_161c29f6
    main.o(.init_array) refers to main.o(i.__sti___8_main_cpp_161c29f6) for __sti___8_main_cpp_161c29f6
    main.o(.init_array) refers to init_aeabi.o(.text) for __cpp_initialize__aeabi_
    analogin_api.o(i.adc_read) refers to stm32f4xx_hal_adc.o(i.HAL_ADC_ConfigChannel) for HAL_ADC_ConfigChannel
    analogin_api.o(i.adc_read) refers to stm32f4xx_hal_adc.o(i.HAL_ADC_Start) for HAL_ADC_Start
    analogin_api.o(i.adc_read) refers to stm32f4xx_hal_adc.o(i.HAL_ADC_PollForConversion) for HAL_ADC_PollForConversion
    analogin_api.o(i.adc_read) refers to stm32f4xx_hal_adc.o(i.HAL_ADC_GetValue) for HAL_ADC_GetValue
    analogin_api.o(i.adc_read) refers to analogin_api.o(.bss) for .bss
    analogin_api.o(i.analogin_init) refers to mbed_pinmap_common.o(i.pinmap_peripheral) for pinmap_peripheral
    analogin_api.o(i.analogin_init) refers to mbed_pinmap_common.o(i.pinmap_function) for pinmap_function
    analogin_api.o(i.analogin_init) refers to mbed_pinmap_common.o(i.pinmap_pinout) for pinmap_pinout
    analogin_api.o(i.analogin_init) refers to mbed_assert.o(i.mbed_assert_internal) for mbed_assert_internal
    analogin_api.o(i.analogin_init) refers to stm32f4xx_hal_adc.o(i.HAL_ADC_Init) for HAL_ADC_Init
    analogin_api.o(i.analogin_init) refers to mbed_error.o(i.error) for error
[...]
    DMA1_Stream3_IRQHandler                  0x0800035b   Thumb Code     0  startup_stm32f429xx.o(.text)
    DMA1_Stream4_IRQHandler                  0x0800035b   Thumb Code     0  startup_stm32f429xx.o(.text)
    DMA1_Stream5_IRQHandler                  0x0800035b   Thumb Code     0  startup_stm32f429xx.o(.text)
    DMA1_Stream6_IRQHandler                  0x0800035b   Thumb Code     0  startup_stm32f429xx.o(.text)
    DMA1_Stream7_IRQHandler                  0x0800035b   Thumb Code     0  startup_stm32f429xx.o(.text)
    DMA2D_IRQHandler                         0x0800035b   Thumb Code     0  startup_stm32f429xx.o(.text)
    DMA2_Stream0_IRQHandler                  0x0800035b   Thumb Code     0  startup_stm32f429xx.o(.text)
    DMA2_Stream1_IRQHandler                  0x0800035b   Thumb Code     0  startup_stm32f429xx.o(.text)
    DMA2_Stream2_IRQHandler                  0x0800035b   Thumb Code     0  startup_stm32f429xx.o(.text)
    DMA2_Stream3_IRQHandler                  0x0800035b   Thumb Code     0  startup_stm32f429xx.o(.text)
    DMA2_Stream4_IRQHandler                  0x0800035b   Thumb Code     0  startup_stm32f429xx.o(.text)
    DMA2_Stream5_IRQHandler                  0x0800035b   Thumb Code     0  startup_stm32f429xx.o(.text)
    DMA2_Stream6_IRQHandler                  0x0800035b   Thumb Code     0  startup_stm32f429xx.o(.text)
    DMA2_Stream7_IRQHandler                  0x0800035b   Thumb Code     0  startup_stm32f429xx.o(.text)
    ETH_IRQHandler                           0x0800035b   Thumb Code     0  startup_stm32f429xx.o(.text)
    ETH_WKUP_IRQHandler                      0x0800035b   Thumb Code     0  startup_stm32f429xx.o(.text)
    EXTI0_IRQHandler                         0x0800035b   Thumb Code     0  startup_stm32f429xx.o(.text)
    EXTI15_10_IRQHandler                     0x0800035b   Thumb Code     0  startup_stm32f429xx.o(.text)
    EXTI1_IRQHandler                         0x0800035b   Thumb Code     0  startup_stm32f429xx.o(.text)
    EXTI2_IRQHandler                         0x0800035b   Thumb Code     0  startup_stm32f429xx.o(.text)
    EXTI3_IRQHandler                         0x0800035b   Thumb Code     0  startup_stm32f429xx.o(.text)
    EXTI4_IRQHandler                         0x0800035b   Thumb Code     0  startup_stm32f429xx.o(.text)
    EXTI9_5_IRQHandler                       0x0800035b   Thumb Code     0  startup_stm32f429xx.o(.text)
    FLASH_IRQHandler                         0x0800035b   Thumb Code     0  startup_stm32f429xx.o(.text)
    FMC_IRQHandler                           0x0800035b   Thumb Code     0  startup_stm32f429xx.o(.text)
    FPU_IRQHandler                           0x0800035b   Thumb Code     0  startup_stm32f429xx.o(.text)
    HASH_RNG_IRQHandler                      0x0800035b   Thumb Code     0  startup_stm32f429xx.o(.text)
    I2C1_ER_IRQHandler                       0x0800035b   Thumb Code     0  startup_stm32f429xx.o(.text)
    I2C1_EV_IRQHandler                       0x0800035b   Thumb Code     0  startup_stm32f429xx.o(.text)
    I2C2_ER_IRQHandler                       0x0800035b   Thumb Code     0  startup_stm32f429xx.o(.text)
    I2C2_EV_IRQHandler                       0x0800035b   Thumb Code     0  startup_stm32f429xx.o(.text)
    I2C3_ER_IRQHandler                       0x0800035b   Thumb Code     0  startup_stm32f429xx.o(.text)
    I2C3_EV_IRQHandler                       0x0800035b   Thumb Code     0  startup_stm32f429xx.o(.text)
    LTDC_ER_IRQHandler                       0x0800035b   Thumb Code     0  startup_stm32f429xx.o(.text)
    LTDC_IRQHandler                          0x0800035b   Thumb Code     0  startup_stm32f429xx.o(.text)
    OTG_FS_IRQHandler                        0x0800035b   Thumb Code     0  startup_stm32f429xx.o(.text)
    OTG_FS_WKUP_IRQHandler                   0x0800035b   Thumb Code     0  startup_stm32f429xx.o(.text)
    OTG_HS_EP1_IN_IRQHandler                 0x0800035b   Thumb Code     0  startup_stm32f429xx.o(.text)
    OTG_HS_EP1_OUT_IRQHandler                0x0800035b   Thumb Code     0  startup_stm32f429xx.o(.text)
    OTG_HS_IRQHandler                        0x0800035b   Thumb Code     0  startup_stm32f429xx.o(.text)
    OTG_HS_WKUP_IRQHandler                   0x0800035b   Thumb Code     0  startup_stm32f429xx.o(.text)
    PVD_IRQHandler                           0x0800035b   Thumb Code     0  startup_stm32f429xx.o(.text)
    RCC_IRQHandler                           0x0800035b   Thumb Code     0  startup_stm32f429xx.o(.text)
    RTC_Alarm_IRQHandler                     0x0800035b   Thumb Code     0  startup_stm32f429xx.o(.text)
    RTC_WKUP_IRQHandler                      0x0800035b   Thumb Code     0  startup_stm32f429xx.o(.text)
    SAI1_IRQHandler                          0x0800035b   Thumb Code     0  startup_stm32f429xx.o(.text)
    SDIO_IRQHandler                          0x0800035b   Thumb Code     0  startup_stm32f429xx.o(.text)
    SPI1_IRQHandler                          0x0800035b   Thumb Code     0  startup_stm32f429xx.o(.text)
    SPI2_IRQHandler                          0x0800035b   Thumb Code     0  startup_stm32f429xx.o(.text)
    SPI3_IRQHandler                          0x0800035b   Thumb Code     0  startup_stm32f429xx.o(.text)
    SPI4_IRQHandler                          0x0800035b   Thumb Code     0  startup_stm32f429xx.o(.text)
    SPI5_IRQHandler                          0x0800035b   Thumb Code     0  startup_stm32f429xx.o(.text)
    SPI6_IRQHandler                          0x0800035b   Thumb Code     0  startup_stm32f429xx.o(.text)
    TAMP_STAMP_IRQHandler                    0x0800035b   Thumb Code     0  startup_stm32f429xx.o(.text)
    TIM1_BRK_TIM9_IRQHandler                 0x0800035b   Thumb Code     0  startup_stm32f429xx.o(.text)
    TIM1_CC_IRQHandler                       0x0800035b   Thumb Code     0  startup_stm32f429xx.o(.text)
    TIM1_TRG_COM_TIM11_IRQHandler            0x0800035b   Thumb Code     0  startup_stm32f429xx.o(.text)
    TIM1_UP_TIM10_IRQHandler                 0x0800035b   Thumb Code     0  startup_stm32f429xx.o(.text)
    TIM2_IRQHandler                          0x0800035b   Thumb Code     0  startup_stm32f429xx.o(.text)
    TIM3_IRQHandler                          0x0800035b   Thumb Code     0  startup_stm32f429xx.o(.text)
    TIM4_IRQHandler                          0x0800035b   Thumb Code     0  startup_stm32f429xx.o(.text)
    TIM5_IRQHandler                          0x0800035b   Thumb Code     0  startup_stm32f429xx.o(.text)
    TIM6_DAC_IRQHandler                      0x0800035b   Thumb Code     0  startup_stm32f429xx.o(.text)
    TIM7_IRQHandler                          0x0800035b   Thumb Code     0  startup_stm32f429xx.o(.text)
    TIM8_BRK_TIM12_IRQHandler                0x0800035b   Thumb Code     0  startup_stm32f429xx.o(.text)
    TIM8_CC_IRQHandler                       0x0800035b   Thumb Code     0  startup_stm32f429xx.o(.text)
    TIM8_TRG_COM_TIM14_IRQHandler            0x0800035b   Thumb Code     0  startup_stm32f429xx.o(.text)
    TIM8_UP_TIM13_IRQHandler                 0x0800035b   Thumb Code     0  startup_stm32f429xx.o(.text)
    UART4_IRQHandler                         0x0800035b   Thumb Code     0  startup_stm32f429xx.o(.text)
    UART5_IRQHandler                         0x0800035b   Thumb Code     0  startup_stm32f429xx.o(.text)
    UART7_IRQHandler                         0x0800035b   Thumb Code     0  startup_stm32f429xx.o(.text)
    UART8_IRQHandler                         0x0800035b   Thumb Code     0  startup_stm32f429xx.o(.text)
    USART1_IRQHandler                        0x0800035b   Thumb Code     0  startup_stm32f429xx.o(.text)
    USART2_IRQHandler                        0x0800035b   Thumb Code     0  startup_stm32f429xx.o(.text)
    USART3_IRQHandler                        0x0800035b   Thumb Code     0  startup_stm32f429xx.o(.text)
    USART6_IRQHandler                        0x0800035b   Thumb Code     0  startup_stm32f429xx.o(.text)
    WWDG_IRQHandler                          0x0800035b   Thumb Code     0  startup_stm32f429xx.o(.text)
    __aeabi_errno_addr                       0x0800036d   Thumb Code     8  rt_errno_addr.o(.text)
    __errno                                  0x0800036d   Thumb Code     0  rt_errno_addr.o(.text)
    __rt_errno_addr                          0x0800036d   Thumb Code     0  rt_errno_addr.o(.text)
    malloc                                   0x08000375   Thumb Code    94  h1_alloc.o(.text)
    free                                     0x080003d3   Thumb Code    78  h1_free.o(.text)
    vsnprintf                                0x08000421   Thumb Code    48  vsnprintf.o(.text)
    __2printf                                0x08000455   Thumb Code    20  __2printf.o(.text)
    _printf_longlong_hex                     0x0800046d   Thumb Code    86  _printf_hex_int_ll_ptr.o(.text)
    _printf_int_hex                          0x080004c3   Thumb Code    28  _printf_hex_int_ll_ptr.o(.text)
    _printf_ll_hex                           0x080004df   Thumb Code    12  _printf_hex_int_ll_ptr.o(.text)
    _printf_hex_ptr                          0x080004eb   Thumb Code    18  _printf_hex_int_ll_ptr.o(.text)
    __printf                                 0x08000501   Thumb Code   388  __printf_flags_ss_wp.o(.text)
    __0sscanf                                0x08000689   Thumb Code    52  __0sscanf.o(.text)
    _scanf_int                               0x080006c5   Thumb Code   332  _scanf_int.o(.text)
    _do_fflush                               0x08000811   Thumb Code    54  fflush.o(.text)
    fflush                                   0x08000847   Thumb Code    42  fflush.o(.text)
    freopen                                  0x08000875   Thumb Code   158  fopen.o(.text)
    fopen                                    0x08000913   Thumb Code    74  fopen.o(.text)
    srand                                    0x08000961   Thumb Code    42  rand.o(.text)
    _rand_init                               0x0800098b   Thumb Code     4  rand.o(.text)
    strlen                                   0x0800099d   Thumb Code    62  strlen.o(.text)
    strncmp                                  0x080009db   Thumb Code   150  strncmp.o(.text)
    __aeabi_memcpy4                          0x08000a71   Thumb Code     0  rt_memcpy_w.o(.text)
    __aeabi_memcpy8                          0x08000a71   Thumb Code     0  rt_memcpy_w.o(.text)
    __rt_memcpy_w                            0x08000a71   Thumb Code   100  rt_memcpy_w.o(.text)
    _memcpy_lastbytes_aligned                0x08000ab9   Thumb Code     0  rt_memcpy_w.o(.text)
    __aeabi_memset                           0x08000ad5   Thumb Code    16  aeabi_memset.o(.text)
    __aeabi_memclr4                          0x08000ae5   Thumb Code     0  rt_memclr_w.o(.text)
    __aeabi_memclr8                          0x08000ae5   Thumb Code     0  rt_memclr_w.o(.text)
    __rt_memclr_w                            0x08000ae5   Thumb Code    78  rt_memclr_w.o(.text)
    _memset_w                                0x08000ae9   Thumb Code     0  rt_memclr_w.o(.text)
    strcmp                                   0x08000b35   Thumb Code   128  strcmpv7m.o(.text)
    __cpp_initialize__aeabi_                 0x08000bb5   Thumb Code    26  init_aeabi.o(.text)
    __aeabi_vec_dtor                         0x08000bd9   Thumb Code    34  aeabi_vec_dtor_noexceptions.o(.text)
    __rt_heap_descriptor                     0x08000bfd   Thumb Code     8  rt_heap_descriptor.o(.text)
    __use_no_heap                            0x08000c05   Thumb Code     2  hguard.o(.text)
    __heap$guard                             0x08000c07   Thumb Code     2  hguard.o(.text)
    _terminate_user_alloc                    0x08000c09   Thumb Code     2  init_alloc.o(.text)
    _init_user_alloc                         0x08000c0b   Thumb Code     2  init_alloc.o(.text)
    __Heap_Full                              0x08000c0d   Thumb Code    34  init_alloc.o(.text)
    __Heap_Broken                            0x08000c2f   Thumb Code     6  init_alloc.o(.text)
    _init_alloc                              0x08000c35   Thumb Code    94  init_alloc.o(.text)
    __Heap_Initialize                        0x08000c93   Thumb Code    10  h1_init.o(.text)
    __Heap_DescSize                          0x08000c9d   Thumb Code     4  h1_init.o(.text)
    _printf_pre_padding                      0x08000ca1   Thumb Code    44  _printf_pad.o(.text)
    _printf_post_padding                     0x08000ccd   Thumb Code    34  _printf_pad.o(.text)
    _printf_truncate_signed                  0x08000cef   Thumb Code    18  _printf_truncate.o(.text)
    _printf_truncate_unsigned                0x08000d01   Thumb Code    18  _printf_truncate.o(.text)
    _printf_str                              0x08000d13   Thumb Code    82  _printf_str.o(.text)
    _printf_int_common                       0x08000d65   Thumb Code   178  _printf_intcommon.o(.text)
    _printf_int_dec                          0x08000e19   Thumb Code   104  _printf_dec.o(.text)
    _printf_charcount                        0x08000e91   Thumb Code    40  _printf_charcount.o(.text)
    _printf_char_common                      0x08000ec3   Thumb Code    32  _printf_char_common.o(.text)
    _sputc                                   0x08000ee9   Thumb Code    10  _sputc.o(.text)
    _snputc                                  0x08000ef3   Thumb Code    16  _snputc.o(.text)
    _printf_char_file                        0x08000f05   Thumb Code    32  _printf_char_file.o(.text)
    _printf_wctomb                           0x08000f29   Thumb Code   182  _printf_wctomb.o(.text)
    _printf_longlong_dec                     0x08000fe5   Thumb Code   108  _printf_longlong_dec.o(.text)
    _printf_longlong_oct                     0x08001061   Thumb Code    66  _printf_oct_int_ll.o(.text)
    _printf_int_oct                          0x080010a3   Thumb Code    24  _printf_oct_int_ll.o(.text)
    _printf_ll_oct                           0x080010bb   Thumb Code    12  _printf_oct_int_ll.o(.text)
    _chval                                   0x080010d1   Thumb Code    28  _chval.o(.text)
    __vfscanf_char                           0x080010f9   Thumb Code    24  scanf_char.o(.text)
    _sgetc                                   0x08001119   Thumb Code    30  _sgetc.o(.text)
    _sbackspace                              0x08001137   Thumb Code    34  _sgetc.o(.text)
    ferror                                   0x08001159   Thumb Code     8  ferror.o(.text)
    _fseek                                   0x08001161   Thumb Code   242  fseek.o(.text)
    fseek                                    0x08001161   Thumb Code     0  fseek.o(.text)
    setvbuf                                  0x08001259   Thumb Code    70  setvbuf.o(.text)
    _seterr                                  0x080012a1   Thumb Code    20  stdio.o(.text)
    _writebuf                                0x080012b5   Thumb Code    84  stdio.o(.text)
    _fflush                                  0x08001309   Thumb Code    70  stdio.o(.text)
    _deferredlazyseek                        0x0800134f   Thumb Code    60  stdio.o(.text)
    _initio                                  0x08001391   Thumb Code   210  initio.o(.text)
    _terminateio                             0x08001463   Thumb Code    56  initio.o(.text)
    _fclose_internal                         0x080014c9   Thumb Code    76  fclose.o(.text)
    fclose                                   0x080014c9   Thumb Code     0  fclose.o(.text)
    __aeabi_memclr                           0x08001515   Thumb Code     0  rt_memclr.o(.text)
    __rt_memclr                              0x08001515   Thumb Code    68  rt_memclr.o(.text)
    _memset                                  0x08001519   Thumb Code     0  rt_memclr.o(.text)
    __Heap_ProvideMemory                     0x08001559   Thumb Code    52  h1_extend.o(.text)
    _ll_udiv10                               0x0800158d   Thumb Code   138  lludiv10.o(.text)
    isspace                                  0x08001617   Thumb Code    18  isspace.o(.text)
    __lib_sel_fp_printf                      0x08001629   Thumb Code     2  _printf_fp_dec.o(.text)
    _printf_fp_dec_real                      0x080017d7   Thumb Code   620  _printf_fp_dec.o(.text)
    _printf_fp_hex_real                      0x08001a45   Thumb Code   756  _printf_fp_hex.o(.text)
    _printf_cs_common                        0x08001d41   Thumb Code    20  _printf_char.o(.text)
    _printf_char                             0x08001d55   Thumb Code    16  _printf_char.o(.text)
    _printf_string                           0x08001d65   Thumb Code     8  _printf_char.o(.text)
    _printf_lcs_common                       0x08001d6d   Thumb Code    20  _printf_wchar.o(.text)
    _printf_wchar                            0x08001d81   Thumb Code    16  _printf_wchar.o(.text)
    _printf_wstring                          0x08001d91   Thumb Code     8  _printf_wchar.o(.text)
    __vfscanf                                0x08001d99   Thumb Code   878  _scanf.o(.text)
    _ftell_internal                          0x0800210d   Thumb Code    66  ftell.o(.text)
    ftell                                    0x0800210d   Thumb Code     0  ftell.o(.text)
    _wcrtomb                                 0x0800214f   Thumb Code    64  _wcrtomb.o(.text)
    __rt_SIGRTRED                            0x0800218f   Thumb Code    14  defsig_rtred_outer.o(.text)
    __rt_SIGRTMEM                            0x0800219d   Thumb Code    14  defsig_rtmem_outer.o(.text)
    __rt_heap_escrow                         0x080021ad   Thumb Code    22  heapauxa.o(.text)
    __rt_heap_expand                         0x080021c3   Thumb Code    52  heapauxa.o(.text)
    __rt_ctype_table                         0x080021fd   Thumb Code    16  rt_ctype_table.o(.text)
    __rt_locale                              0x0800220d   Thumb Code     8  rt_locale.o(.text)
    _printf_fp_infnan                        0x08002215   Thumb Code   112  _printf_fp_infnan.o(.text)
    _btod_etento                             0x08002295   Thumb Code   216  bigflt0.o(.text)
    __flsbuf                                 0x08002371   Thumb Code   470  flsbuf.o(.text)
    __flsbuf_byte                            0x08002371   Thumb Code     0  flsbuf.o(.text)
    __flsbuf_wide                            0x08002371   Thumb Code     0  flsbuf.o(.text)
    __sig_exit                               0x08002547   Thumb Code    10  defsig_exit.o(.text)
    __rt_SIGRTRED_inner                      0x08002551   Thumb Code    14  defsig_rtred_inner.o(.text)
    __rt_SIGRTMEM_inner                      0x08002585   Thumb Code    22  defsig_rtmem_inner.o(.text)
    _sys_exit                                0x080025d5   Thumb Code     8  sys_exit.o(.text)
    __default_signal_display                 0x080025e1   Thumb Code    50  defsig_general.o(.text)
    _ttywrch                                 0x08002613   Thumb Code    14  sys_wrch.o(.text)
    __I$use$semihosting                      0x08002621   Thumb Code     0  use_no_semi.o(.text)
    __use_no_semihosting_swi                 0x08002621   Thumb Code     2  use_no_semi.o(.text)
    __semihosting_library_function           0x08002623   Thumb Code     0  indicate_semi.o(.text)
    _btod_d2e                                0x08002623   Thumb Code    62  btod.o(CL$$btod_d2e)
    _d2e_denorm_low                          0x08002661   Thumb Code    70  btod.o(CL$$btod_d2e_denorm_low)
    _d2e_norm_op1                            0x080026a7   Thumb Code    96  btod.o(CL$$btod_d2e_norm_op1)
    __btod_div_common                        0x08002707   Thumb Code   696  btod.o(CL$$btod_div_common)
    _e2e                                     0x08002a3f   Thumb Code   198  btod.o(CL$$btod_e2e)
    _btod_ediv                               0x08002b05   Thumb Code    40  btod.o(CL$$btod_ediv)
    _btod_emul                               0x08002b2d   Thumb Code    40  btod.o(CL$$btod_emul)
    __btod_mult_common                       0x08002b55   Thumb Code   580  btod.o(CL$$btod_mult_common)
    main                                     0x08002d99   Thumb Code    14  mbed_sdk_boot.o(i.$Sub$$main)
    CAN1_RX0_IRQHandler                      0x08002da9   Thumb Code     8  can_api.o(i.CAN1_RX0_IRQHandler)
    CAN1_SCE_IRQHandler                      0x08002db5   Thumb Code     8  can_api.o(i.CAN1_SCE_IRQHandler)
    CAN1_TX_IRQHandler                       0x08002dc1   Thumb Code     8  can_api.o(i.CAN1_TX_IRQHandler)
    CAN2_RX0_IRQHandler                      0x08002dcd   Thumb Code     8  can_api.o(i.CAN2_RX0_IRQHandler)
    CAN2_SCE_IRQHandler                      0x08002dd9   Thumb Code     8  can_api.o(i.CAN2_SCE_IRQHandler)
    CAN2_TX_IRQHandler                       0x08002de5   Thumb Code     8  can_api.o(i.CAN2_TX_IRQHandler)
    HAL_DMA_Abort_IT                         0x08002df1   Thumb Code    36  stm32f4xx_hal_dma.o(i.HAL_DMA_Abort_IT)
    HAL_GetTick                              0x08002e15   Thumb Code     6  stm32f4xx_hal.o(i.HAL_GetTick)
    HAL_IncTick                              0x08002e21   Thumb Code    10  stm32f4xx_hal.o(i.HAL_IncTick)
    HAL_Init                                 0x08002e31   Thumb Code    42  stm32f4xx_hal.o(i.HAL_Init)
    HAL_InitPre                              0x08002e61   Thumb Code    12  hal_init_pre.o(i.HAL_InitPre)
    HAL_InitTick                             0x08002e6d   Thumb Code   166  hal_tick_32b.o(i.HAL_InitTick)
    HAL_MspInit                              0x08002f39   Thumb Code     2  stm32f4xx_hal_msp_template.o(i.HAL_MspInit)
    HAL_NVIC_SetPriorityGrouping             0x08002f3d   Thumb Code    30  stm32f4xx_hal_cortex.o(i.HAL_NVIC_SetPriorityGrouping)
    HAL_PWREx_EnableOverDrive                0x08002f61   Thumb Code   148  stm32f4xx_hal_pwr_ex.o(i.HAL_PWREx_EnableOverDrive)
    HAL_RCC_ClockConfig                      0x08002ffd   Thumb Code   388  stm32f4xx_hal_rcc.o(i.HAL_RCC_ClockConfig)
    HAL_RCC_GetClockConfig                   0x08003195   Thumb Code    54  stm32f4xx_hal_rcc.o(i.HAL_RCC_GetClockConfig)
    HAL_RCC_GetPCLK1Freq                     0x080031d5   Thumb Code    34  stm32f4xx_hal_rcc.o(i.HAL_RCC_GetPCLK1Freq)
    HAL_RCC_GetPCLK2Freq                     0x08003205   Thumb Code    34  stm32f4xx_hal_rcc.o(i.HAL_RCC_GetPCLK2Freq)
    HAL_RCC_GetSysClockFreq                  0x08003235   Thumb Code   132  stm32f4xx_hal_rcc.o(i.HAL_RCC_GetSysClockFreq)
    HAL_RCC_OscConfig                        0x080032c9   Thumb Code   912  stm32f4xx_hal_rcc.o(i.HAL_RCC_OscConfig)
    HAL_SPI_ErrorCallback                    0x0800367d   Thumb Code     2  stm32f4xx_hal_spi.o(i.HAL_SPI_ErrorCallback)
    HAL_SPI_IRQHandler                       0x08003681   Thumb Code   240  stm32f4xx_hal_spi.o(i.HAL_SPI_IRQHandler)
    HAL_SPI_Init                             0x08003775   Thumb Code   140  stm32f4xx_hal_spi.o(i.HAL_SPI_Init)
    HAL_SPI_MspInit                          0x08003801   Thumb Code     2  stm32f4xx_hal_spi.o(i.HAL_SPI_MspInit)
    HAL_SPI_Receive_IT                       0x08003805   Thumb Code   202  stm32f4xx_hal_spi.o(i.HAL_SPI_Receive_IT)
    HAL_SPI_RxCpltCallback                   0x080038d9   Thumb Code     2  stm32f4xx_hal_spi.o(i.HAL_SPI_RxCpltCallback)
    HAL_SPI_TransmitReceive_IT               0x080038dd   Thumb Code   186  stm32f4xx_hal_spi.o(i.HAL_SPI_TransmitReceive_IT)
    HAL_SPI_Transmit_IT                      0x080039a9   Thumb Code   184  stm32f4xx_hal_spi.o(i.HAL_SPI_Transmit_IT)
    HAL_SPI_TxCpltCallback                   0x08003a69   Thumb Code     2  stm32f4xx_hal_spi.o(i.HAL_SPI_TxCpltCallback)
    HAL_SPI_TxRxCpltCallback                 0x08003a6b   Thumb Code     2  stm32f4xx_hal_spi.o(i.HAL_SPI_TxRxCpltCallback)
    HAL_TIM_OC_Init                          0x08003a6d   Thumb Code    54  stm32f4xx_hal_tim.o(i.HAL_TIM_OC_Init)
    HAL_TIM_OC_MspInit                       0x08003aa3   Thumb Code     2  stm32f4xx_hal_tim.o(i.HAL_TIM_OC_MspInit)
    HAL_TIM_OC_Start                         0x08003aa5   Thumb Code    64  stm32f4xx_hal_tim.o(i.HAL_TIM_OC_Start)
    HAL_UART_Init                            0x08003ae5   Thumb Code    98  stm32f4xx_hal_uart.o(i.HAL_UART_Init)
    HAL_UART_MspInit                         0x08003b47   Thumb Code     2  stm32f4xx_hal_uart.o(i.HAL_UART_MspInit)
    SetSysClock                              0x080040f5   Thumb Code   154  system_clock.o(i.SetSysClock)
    SetSysClock_PLL_HSE                      0x08004199   Thumb Code   140  system_clock.o(i.SetSysClock_PLL_HSE)
    Set_GPIO_Clock                           0x0800422d   Thumb Code   260  gpio_api.o(i.Set_GPIO_Clock)
    SystemCoreClockUpdate                    0x08004385   Thumb Code   112  system_stm32f4xx.o(i.SystemCoreClockUpdate)
    SystemInit                               0x08004409   Thumb Code    48  system_clock.o(i.SystemInit)
    SystemInitPre                            0x08004449   Thumb Code    18  system_init_pre.o(i.SystemInitPre)
    TIM_Base_SetConfig                       0x08004469   Thumb Code   172  stm32f4xx_hal_tim.o(i.TIM_Base_SetConfig)
    read_switches()                          0x0800486d   Thumb Code   100  main.o(i._Z13read_switchesv)
    spi_readwrite(unsigned short)            0x08004905   Thumb Code    46  main.o(i._Z13spi_readwritet)
    ping()                                   0x0800493d   Thumb Code    60  main.o(i._Z4pingv)
    fpgaWord(INSTR, unsigned short)          0x0800498d   Thumb Code    12  main.o(i._Z8fpgaWord5INSTRt)
    mbed::DigitalOut::operator =(int)        0x08004999   Thumb Code    30  main.o(i._ZN4mbed10DigitalOutaSEi)
    mbed::SPI::start_transfer(const void*, int, void*, int, unsigned char, const mbed::Callback<void(int)>&, int) 0x080049b9   Thumb Code   144  SPI.o(i._ZN4mbed3SPI14start_transferEPKviPvihRKNS_8CallbackIFviEEEi)
    mbed::SPI::irq_handler_asynch()          0x08004a51   Thumb Code    58  SPI.o(i._ZN4mbed3SPI18irq_handler_asynchEv)
    mbed::SPI::dequeue_transaction()         0x08004a91   Thumb Code   252  SPI.o(i._ZN4mbed3SPI19dequeue_transactionEv)
    mbed::SPI::lock()                        0x08004b91   Thumb Code    30  SPI.o(i._ZN4mbed3SPI4lockEv)
    mbed::SPI::write(int)                    0x08004bbd   Thumb Code    68  SPI.o(i._ZN4mbed3SPI5writeEi)
    mbed::SPI::format(int, int)              0x08004c05   Thumb Code    74  SPI.o(i._ZN4mbed3SPI6formatEii)
    mbed::SPI::unlock()                      0x08004c55   Thumb Code    30  SPI.o(i._ZN4mbed3SPI6unlockEv)
    mbed::SPI::frequency(int)                0x08004c81   Thumb Code    72  SPI.o(i._ZN4mbed3SPI9frequencyEi)
    mbed::SPI::SPI(PinName, PinName, PinName, PinName) 0x08004ccd   Thumb Code   166  SPI.o(i._ZN4mbed3SPIC1E7PinNameS1_S1_S1_)
    mbed::SPI::SPI__sub_object(PinName, PinName, PinName, PinName) 0x08004ccd   Thumb Code     0  SPI.o(i._ZN4mbed3SPIC1E7PinNameS1_S1_S1_)
    mbed::SPI::~SPI()                        0x08004d8d   Thumb Code    28  SPI.o(i._ZN4mbed3SPID1Ev)
    mbed::SPI::~SPI__sub_object()            0x08004d8d   Thumb Code     0  SPI.o(i._ZN4mbed3SPID1Ev)
    mbed::FileBase::getPathType()            0x08004dad   Thumb Code     4  FileBase.o(i._ZN4mbed8FileBase11getPathTypeEv)
    mbed::FileBase::lookup(const char*, unsigned) 0x08004db1   Thumb Code    90  FileBase.o(i._ZN4mbed8FileBase6lookupEPKcj)
    mbed::FilePath::fileSystem()             0x08004e1d   Thumb Code    30  FilePath.o(i._ZN4mbed8FilePath10fileSystemEv)
    mbed::FilePath::file()                   0x08004e3b   Thumb Code    28  FilePath.o(i._ZN4mbed8FilePath4fileEv)
    mbed::FilePath::exists()                 0x08004e57   Thumb Code    10  FilePath.o(i._ZN4mbed8FilePath6existsEv)
    mbed::FilePath::isFile()                 0x08004e61   Thumb Code    24  FilePath.o(i._ZN4mbed8FilePath6isFileEv)
    mbed::FilePath::fileName()               0x08004e79   Thumb Code     4  FilePath.o(i._ZN4mbed8FilePath8fileNameEv)
    mbed::FilePath::FilePath(const char*)    0x08004e7d   Thumb Code    64  FilePath.o(i._ZN4mbed8FilePathC1EPKc)
    mbed::FilePath::FilePath__sub_object(const char*) 0x08004e7d   Thumb Code     0  FilePath.o(i._ZN4mbed8FilePathC1EPKc)
    __ARM_fpclassify                         0x08004ebd   Thumb Code    48  fpclassify.o(i.__ARM_fpclassify)
    __aeabi_atexit                           0x08004eed   Thumb Code     4  mbed_retarget.o(i.__aeabi_atexit)
    __aeabi_vec_ctor_nocookie_nodtor         0x08004ef1   Thumb Code    36  aeabi_vec_ctor_nocookie_nodtor.o(i.__aeabi_vec_ctor_nocookie_nodtor)
    __user_setup_stackheap                   0x08004fa9   Thumb Code    10  sys.o(i.__user_setup_stackheap)
    _is_digit                                0x08004fb9   Thumb Code    14  __printf_wp.o(i._is_digit)
    _platform_post_stackheap_init            0x08004fc9   Thumb Code    26  mbed_sdk_boot.o(i._platform_post_stackheap_init)
    _sys_close                               0x08004fe9   Thumb Code    70  mbed_retarget.o(i._sys_close)
    _sys_flen                                0x08005035   Thumb Code    70  mbed_retarget.o(i._sys_flen)
    _sys_istty                               0x08005081   Thumb Code    58  mbed_retarget.o(i._sys_istty)
    _sys_open                                0x080050c1   Thumb Code   490  mbed_retarget.o(i._sys_open)
    _sys_seek                                0x080052d5   Thumb Code    74  mbed_retarget.o(i._sys_seek)
    _sys_write                               0x08005325   Thumb Code   110  mbed_retarget.o(i._sys_write)
    core_util_critical_section_enter         0x080054cd   Thumb Code    70  mbed_critical.o(i.core_util_critical_section_enter)
    core_util_critical_section_exit          0x08005559   Thumb Code    60  mbed_critical.o(i.core_util_critical_section_exit)
    error                                    0x080055b1   Thumb Code    36  mbed_error.o(i.error)
    exit                                     0x080055d9   Thumb Code    24  mbed_retarget.o(i.exit)
    fputc                                    0x080055f9   Thumb Code    26  fputc.o(i.fputc)
    gpio_dir                                 0x08005613   Thumb Code    98  gpio_api.o(i.gpio_dir)
    gpio_init                                0x08005675   Thumb Code    76  gpio_api.o(i.gpio_init)
    gpio_init_in                             0x080056c5   Thumb Code    40  mbed_gpio.o(i.gpio_init_in)
    gpio_init_out                            0x080056ed   Thumb Code    48  mbed_gpio.o(i.gpio_init_out)
    gpio_mode                                0x0800571d   Thumb Code     8  gpio_api.o(i.gpio_mode)
    init_spi                                 0x08005725   Thumb Code    42  stm_spi_api.o(i.init_spi)
    init_uart                                0x08005769   Thumb Code   100  serial_api.o(i.init_uart)
    $Super$$main                             0x080057e9   Thumb Code   178  main.o(i.main)
    mbed_assert_internal                     0x080058b1   Thumb Code    32  mbed_assert.o(i.mbed_assert_internal)
    mbed_die                                 0x08005905   Thumb Code    42  mbed_board.o(i.mbed_die)
    mbed_error_printf                        0x08005931   Thumb Code    76  mbed_board.o(i.mbed_error_printf)
    mbed_error_vfprintf                      0x08005985   Thumb Code    70  mbed_board.o(i.mbed_error_vfprintf)
    mbed_main                                0x080059d5   Thumb Code     2  mbed_sdk_boot.o(i.mbed_main)
    mbed_sdk_init                            0x080059d7   Thumb Code    22  mbed_overrides.o(i.mbed_sdk_init)
    pin_function                             0x080059ed   Thumb Code   430  pinmap.o(i.pin_function)
    pin_mode                                 0x08005bbd   Thumb Code   232  pinmap.o(i.pin_mode)
    pinmap_merge                             0x08005cc1   Thumb Code    38  mbed_pinmap_common.o(i.pinmap_merge)
    pinmap_peripheral                        0x08005cfd   Thumb Code    62  mbed_pinmap_common.o(i.pinmap_peripheral)
    pinmap_pinout                            0x08005d5d   Thumb Code    72  mbed_pinmap_common.o(i.pinmap_pinout)
    serial_baud                              0x08005e03   Thumb Code     6  serial_device.o(i.serial_baud)
    serial_init                              0x08005e09   Thumb Code   542  serial_device.o(i.serial_init)
    serial_putc                              0x0800606d   Thumb Code    34  serial_device.o(i.serial_putc)
    serial_writable                          0x08006095   Thumb Code    18  serial_api.o(i.serial_writable)
    spi_format                               0x080060ad   Thumb Code   132  stm_spi_api.o(i.spi_format)
    spi_frequency                            0x08006135   Thumb Code    92  stm_spi_api.o(i.spi_frequency)
    spi_get_clock_freq                       0x08006199   Thumb Code    74  spi_api.o(i.spi_get_clock_freq)
    spi_init                                 0x08006205   Thumb Code   456  stm_spi_api.o(i.spi_init)
    spi_irq_handler_asynch                   0x08006409   Thumb Code   112  stm_spi_api.o(i.spi_irq_handler_asynch)
    spi_master_transfer                      0x0800656d   Thumb Code   194  stm_spi_api.o(i.spi_master_transfer)
    spi_master_write                         0x08006635   Thumb Code    50  stm_spi_api.o(i.spi_master_write)
    ticker_irq_handler                       0x08006667   Thumb Code    92  mbed_ticker_api.o(i.ticker_irq_handler)
    timer_irq_handler                        0x080066c5   Thumb Code    90  hal_tick_32b.o(i.timer_irq_handler)
    us_ticker_clear_interrupt                0x08006751   Thumb Code    14  us_ticker_32b.o(i.us_ticker_clear_interrupt)
    us_ticker_disable_interrupt              0x08006769   Thumb Code    16  us_ticker_32b.o(i.us_ticker_disable_interrupt)
    us_ticker_init                           0x08006781   Thumb Code    26  us_ticker_32b.o(i.us_ticker_init)
    us_ticker_irq_handler                    0x080067a9   Thumb Code     6  mbed_us_ticker_api.o(i.us_ticker_irq_handler)
    us_ticker_read                           0x080067b5   Thumb Code    30  us_ticker_32b.o(i.us_ticker_read)
    us_ticker_set_interrupt                  0x080067e5   Thumb Code    46  us_ticker_32b.o(i.us_ticker_set_interrupt)
    wait_ms                                  0x08006821   Thumb Code    28  mbed_wait_api_no_rtos.o(i.wait_ms)
    wait_us                                  0x0800683d   Thumb Code    24  mbed_wait_api_no_rtos.o(i.wait_us)
    _get_lc_numeric                          0x08006855   Thumb Code    44  lc_numeric_c.o(locale$$code)
    _get_lc_ctype                            0x08006881   Thumb Code    44  lc_ctype_c.o(locale$$code)
    SingletonPtr<PlatformMutex>::operator ->() 0x080068ad   Thumb Code    36  FileBase.o(t._ZN12SingletonPtrI13PlatformMutexEptEv)
    mbed::Transaction<mbed::SPI>::Transaction() 0x080068d9   Thumb Code    26  SPI.o(t._ZN4mbed11TransactionINS_3SPIEEC1Ev)
    mbed::Transaction<mbed::SPI>::Transaction__sub_object() 0x080068d9   Thumb Code     0  SPI.o(t._ZN4mbed11TransactionINS_3SPIEEC1Ev)
    mbed::Transaction<mbed::SPI>::~Transaction() 0x080068f3   Thumb Code    22  SPI.o(t._ZN4mbed11TransactionINS_3SPIEED1Ev)
    mbed::Transaction<mbed::SPI>::~Transaction__sub_object() 0x080068f3   Thumb Code     0  SPI.o(t._ZN4mbed11TransactionINS_3SPIEED1Ev)
    mbed::CircularBuffer<mbed::Transaction<mbed::SPI>, (unsigned)2, unsigned>::~CircularBuffer() 0x08006909   Thumb Code    18  SPI.o(t._ZN4mbed14CircularBufferINS_11TransactionINS_3SPIEEELj2EjED1Ev)
    mbed::CircularBuffer<mbed::Transaction<mbed::SPI>, (unsigned)2, unsigned>::~CircularBuffer__sub_object() 0x08006909   Thumb Code     0  SPI.o(t._ZN4mbed14CircularBufferINS_11TransactionINS_3SPIEEELj2EjED1Ev)
    CThunk<mbed::SPI>::trampoline(mbed::SPI*, void*, void(mbed::SPI::**)(void*)) 0x08006921   Thumb Code    54  SPI.o(t._ZN6CThunkIN4mbed3SPIEE10trampolineEPS1_PvPMS1_FvS4_E)
    _fp_init                                 0x08006957   Thumb Code    10  fpinit.o(x$fpl$fpinit)
    __fplib_config_fpu_vfp                   0x0800695f   Thumb Code     0  fpinit.o(x$fpl$fpinit)
    __fplib_config_pureend_doubles           0x0800695f   Thumb Code     0  fpinit.o(x$fpl$fpinit)
    _printf_fp_dec                           0x08006961   Thumb Code     4  printf1.o(x$fpl$printf1)
    _printf_fp_hex                           0x08006965   Thumb Code     4  printf2.o(x$fpl$printf2)
    __I$use$fp                               0x08006968   Number         0  usenofp.o(x$fpl$usenofp)
    __stdin_name                             0x08006968   Data           7  mbed_retarget.o(.constdata)
    __stdout_name                            0x0800696f   Data           8  mbed_retarget.o(.constdata)
    __stderr_name                            0x08006977   Data           8  mbed_retarget.o(.constdata)
    PinMap_UART_TX                           0x08006980   Data         192  PeripheralPins.o(.constdata)
    PinMap_UART_RX                           0x08006a40   Data         192  PeripheralPins.o(.constdata)
    PinMap_SPI_MOSI                          0x08006b00   Data         156  PeripheralPins.o(.constdata)
    PinMap_SPI_MISO                          0x08006b9c   Data         132  PeripheralPins.o(.constdata)
    PinMap_SPI_SCLK                          0x08006c20   Data         144  PeripheralPins.o(.constdata)
    PinMap_SPI_SSEL                          0x08006cb0   Data         132  PeripheralPins.o(.constdata)
    ll_pin_defines                           0x08006d34   Data          64  pinmap.o(.constdata)
    AHBPrescTable                            0x08006d84   Data          16  system_stm32f4xx.o(.constdata)
    APBPrescTable                            0x08006d94   Data           8  system_stm32f4xx.o(.constdata)
    vtable for mbed::SPI                     0x08006ec8   Data          32  SPI.o(.constdata__ZTVN4mbed3SPIE)
    SingletonPtr<PlatformMutex>::get()::string 0x08006ee8   Data          20  mbed_retarget.o(.constdata__ZZN12SingletonPtrI13PlatformMutexE3getEvEs)
    SingletonPtr<PlatformMutex>::get()::string (instance 2) 0x08006efc   Data          89  mbed_retarget.o(.constdata__ZZN12SingletonPtrI13PlatformMutexE3getEvEs_0)
    Region$$Table$$Base                      0x080070bc   Number         0  anon$$obj.o(Region$$Table)
    Region$$Table$$Limit                     0x080070dc   Number         0  anon$$obj.o(Region$$Table)
    __ctype                                  0x08007105   Data           0  lc_ctype_c.o(locale$$data)
    SHT$$INIT_ARRAY$$Base                    0x08007208   Number         0  main.o(.init_array)
    SHT$$INIT_ARRAY$$Limit                   0x08007210   Number         0  init_aeabi.o(.init_array)
    PreviousVal                              0x200001b8   Data           4  hal_tick_32b.o(.data)
    stdio_uart_inited                        0x200001c4   Data           4  serial_device.o(.data)
    uwTick                                   0x200001cc   Data           4  stm32f4xx_hal.o(.data)
    SystemCoreClock                          0x200001d0   Data           4  system_stm32f4xx.o(.data)
    mbed::SPI::_owner                        0x200001d8   Data           4  SPI.o(.data)
    mbed::SPI::_mutex                        0x200001dc   Data           8  SPI.o(.data)
    mbed::FileBase::_head                    0x200001f0   Data           4  FileBase.o(.data)
    mbed::FileBase::_mutex                   0x200001f4   Data           8  FileBase.o(.data)
    __aeabi_stdin                            0x200001fc   Data           4  stdio_streams.o(.data)
    __aeabi_stdout                           0x20000200   Data           4  stdio_streams.o(.data)
    __aeabi_stderr                           0x20000204   Data           4  stdio_streams.o(.data)
    spi                                      0x2000020c   Data         220  main.o(.bss)
    cs                                       0x200002e8   Data          28  main.o(.bss)
    DO_NOT_USE                               0x20000304   Data          28  main.o(.bss)
    uart_handlers                            0x200004d0   Data         640  serial_device.o(.bss)
    stdio_uart                               0x20000750   Data          36  serial_device.o(.bss)
    TimMasterHandle                          0x20000774   Data          60  us_ticker_32b.o(.bss)
    mbed::SPI::_transaction_buffer           0x200007b0   Data         100  SPI.o(.bss)
    __stdin                                  0x20000834   Data          84  stdio_streams.o(.bss)
    __stdout                                 0x20000888   Data          84  stdio_streams.o(.bss)
    __stderr                                 0x200008dc   Data          84  stdio_streams.o(.bss)
    _random_number_data                      0x20000930   Data         228  rand.o(.bss)
    Image$$RW_IRAM1$$ZI$$Limit               0x20000a2c   Number         0  anon$$obj.o ABSOLUTE



==============================================================================

Memory Map of the image

  Image Entry point : 0x080001ad

  Load Region LR_IROM1 (Base: 0x08000000, Size: 0x00007270, Max: 0x00200000, ABSOLUTE)

    Execution Region ER_IROM1 (Base: 0x08000000, Size: 0x00007210, Max: 0x00200000, ABSOLUTE)

    Base Addr    Size         Type   Attr      Idx    E Section Name        Object

    0x08000000   0x000001ac   Data   RO         1361    RESET               startup_stm32f429xx.o
    0x080001ac   0x00000008   Code   RO         4877  * !!!main             c_w.l(__main.o)
    0x080001b4   0x00000034   Code   RO         5447    !!!scatter          c_w.l(__scatter.o)
    0x080001e8   0x0000001a   Code   RO         5449    !!handler_copy      c_w.l(__scatter_copy.o)
    0x08000202   0x00000002   PAD
    0x08000204   0x0000001c   Code   RO         5451    !!handler_zi        c_w.l(__scatter_zi.o)
    0x08000220   0x00000000   Code   RO         4831    .ARM.Collect$$_printf_percent$$00000000  c_w.l(_printf_percent.o)
    0x08000220   0x00000006   Code   RO         5073    .ARM.Collect$$_printf_percent$$00000001  c_w.l(_printf_n.o)
    0x08000226   0x00000006   Code   RO         4830    .ARM.Collect$$_printf_percent$$00000002  c_w.l(_printf_p.o)
    0x0800022c   0x00000006   Code   RO         5078    .ARM.Collect$$_printf_percent$$00000003  c_w.l(_printf_f.o)
    0x08000232   0x00000006   Code   RO         5079    .ARM.Collect$$_printf_percent$$00000004  c_w.l(_printf_e.o)
    0x08000238   0x00000006   Code   RO         5080    .ARM.Collect$$_printf_percent$$00000005  c_w.l(_printf_g.o)
    0x0800023e   0x00000006   Code   RO         5081    .ARM.Collect$$_printf_percent$$00000006  c_w.l(_printf_a.o)
    0x08000244   0x0000000a   Code   RO         5086    .ARM.Collect$$_printf_percent$$00000007  c_w.l(_printf_ll.o)
    0x0800024e   0x00000006   Code   RO         5075    .ARM.Collect$$_printf_percent$$00000008  c_w.l(_printf_i.o)
    0x08000254   0x00000006   Code   RO         5076    .ARM.Collect$$_printf_percent$$00000009  c_w.l(_printf_d.o)
    0x0800025a   0x00000006   Code   RO         5077    .ARM.Collect$$_printf_percent$$0000000A  c_w.l(_printf_u.o)
    0x08000260   0x00000006   Code   RO         5074    .ARM.Collect$$_printf_percent$$0000000B  c_w.l(_printf_o.o)
    0x08000266   0x00000006   Code   RO         4829    .ARM.Collect$$_printf_percent$$0000000C  c_w.l(_printf_x.o)
    0x0800026c   0x00000006   Code   RO         5083    .ARM.Collect$$_printf_percent$$0000000D  c_w.l(_printf_lli.o)
    0x08000272   0x00000006   Code   RO         5084    .ARM.Collect$$_printf_percent$$0000000E  c_w.l(_printf_lld.o)
    0x08000278   0x00000006   Code   RO         5085    .ARM.Collect$$_printf_percent$$0000000F  c_w.l(_printf_llu.o)
    0x0800027e   0x00000006   Code   RO         5090    .ARM.Collect$$_printf_percent$$00000010  c_w.l(_printf_llo.o)
    0x08000284   0x00000006   Code   RO         5091    .ARM.Collect$$_printf_percent$$00000011  c_w.l(_printf_llx.o)
    0x0800028a   0x0000000a   Code   RO         5087    .ARM.Collect$$_printf_percent$$00000012  c_w.l(_printf_l.o)
    0x08000294   0x00000006   Code   RO         5071    .ARM.Collect$$_printf_percent$$00000013  c_w.l(_printf_c.o)
    0x0800029a   0x00000006   Code   RO         5072    .ARM.Collect$$_printf_percent$$00000014  c_w.l(_printf_s.o)
    0x080002a0   0x00000006   Code   RO         5088    .ARM.Collect$$_printf_percent$$00000015  c_w.l(_printf_lc.o)
    0x080002a6   0x00000006   Code   RO         5089    .ARM.Collect$$_printf_percent$$00000016  c_w.l(_printf_ls.o)
    0x080002ac   0x00000004   Code   RO         5082    .ARM.Collect$$_printf_percent$$00000017  c_w.l(_printf_percent_end.o)
    0x080002b0   0x00000002   Code   RO         5377    .ARM.Collect$$libinit$$00000000  c_w.l(libinit.o)
    0x080002b2   0x00000004   Code   RO         5123    .ARM.Collect$$libinit$$00000001  c_w.l(libinit2.o)
    0x080002b6   0x00000000   Code   RO         5126    .ARM.Collect$$libinit$$00000004  c_w.l(libinit2.o)
    0x080002b6   0x00000008   Code   RO         5127    .ARM.Collect$$libinit$$00000005  c_w.l(libinit2.o)
    0x080002be   0x00000000   Code   RO         5129    .ARM.Collect$$libinit$$0000000A  c_w.l(libinit2.o)
    0x080002be   0x00000000   Code   RO         5131    .ARM.Collect$$libinit$$0000000C  c_w.l(libinit2.o)
    0x080002be   0x00000004   Code   RO         5132    .ARM.Collect$$libinit$$0000000D  c_w.l(libinit2.o)
    0x080002c2   0x00000000   Code   RO         5133    .ARM.Collect$$libinit$$0000000E  c_w.l(libinit2.o)
    0x080002c2   0x00000006   Code   RO         5134    .ARM.Collect$$libinit$$0000000F  c_w.l(libinit2.o)
    0x080002c8   0x00000000   Code   RO         5136    .ARM.Collect$$libinit$$00000011  c_w.l(libinit2.o)
    0x080002c8   0x0000000c   Code   RO         5137    .ARM.Collect$$libinit$$00000012  c_w.l(libinit2.o)
    0x080002d4   0x00000000   Code   RO         5138    .ARM.Collect$$libinit$$00000013  c_w.l(libinit2.o)
    0x080002d4   0x00000000   Code   RO         5140    .ARM.Collect$$libinit$$00000015  c_w.l(libinit2.o)
    0x080002d4   0x0000000a   Code   RO         5141    .ARM.Collect$$libinit$$00000016  c_w.l(libinit2.o)
    0x080002de   0x00000000   Code   RO         5142    .ARM.Collect$$libinit$$00000017  c_w.l(libinit2.o)
    0x080002de   0x00000000   Code   RO         5144    .ARM.Collect$$libinit$$00000019  c_w.l(libinit2.o)
    0x080002de   0x00000000   Code   RO         5146    .ARM.Collect$$libinit$$0000001B  c_w.l(libinit2.o)
    0x080002de   0x00000000   Code   RO         5148    .ARM.Collect$$libinit$$0000001D  c_w.l(libinit2.o)
    0x080002de   0x00000000   Code   RO         5150    .ARM.Collect$$libinit$$0000001F  c_w.l(libinit2.o)
    0x080002de   0x00000000   Code   RO         5152    .ARM.Collect$$libinit$$00000021  c_w.l(libinit2.o)
    0x080002de   0x00000000   Code   RO         5154    .ARM.Collect$$libinit$$00000023  c_w.l(libinit2.o)
    0x080002de   0x00000004   Code   RO         5155    .ARM.Collect$$libinit$$00000024  c_w.l(libinit2.o)
    0x080002e2   0x00000000   Code   RO         5156    .ARM.Collect$$libinit$$00000025  c_w.l(libinit2.o)
    0x080002e2   0x00000000   Code   RO         5160    .ARM.Collect$$libinit$$0000002C  c_w.l(libinit2.o)
    0x080002e2   0x00000000   Code   RO         5162    .ARM.Collect$$libinit$$0000002E  c_w.l(libinit2.o)
    0x080002e2   0x00000000   Code   RO         5164    .ARM.Collect$$libinit$$00000030  c_w.l(libinit2.o)
    0x080002e2   0x00000004   Code   RO         5165    .ARM.Collect$$libinit$$00000031  c_w.l(libinit2.o)
    0x080002e6   0x00000000   Code   RO         5166    .ARM.Collect$$libinit$$00000032  c_w.l(libinit2.o)
    0x080002e6   0x00000002   Code   RO         5167    .ARM.Collect$$libinit$$00000033  c_w.l(libinit2.o)
    0x080002e8   0x00000000   Code   RO         5281    .ARM.Collect$$libshutdown$$00000004  c_w.l(libshutdown2.o)
    0x080002e8   0x00000000   Code   RO         5014    .ARM.Collect$$rtentry$$00000000  c_w.l(__rtentry.o)
    0x080002e8   0x00000000   Code   RO         5200    .ARM.Collect$$rtentry$$00000002  c_w.l(__rtentry2.o)
    0x080002e8   0x00000006   Code   RO         5212    .ARM.Collect$$rtentry$$00000004  c_w.l(__rtentry4.o)
    0x080002ee   0x00000008   Code   RO         5201    .ARM.Collect$$rtentry$$00000008  c_w.l(__rtentry2.o)
    0x080002f6   0x00000004   Code   RO         5203    .ARM.Collect$$rtentry$$0000000A  c_w.l(__rtentry2.o)
    0x080002fa   0x00000000   Code   RO         5205    .ARM.Collect$$rtentry$$0000000C  c_w.l(__rtentry2.o)
    0x080002fa   0x00000008   Code   RO         5206    .ARM.Collect$$rtentry$$0000000D  c_w.l(__rtentry2.o)
    0x08000302   0x00000002   PAD
    0x08000304   0x00000034   Code   RO         4860    .emb_text           c_w.l(rand.o)
    0x08000338   0x00000000   Code   RO         5216    .emb_text           c_w.l(maybetermalloc1.o)
    0x08000338   0x00000034   Code   RO         1362    .text               startup_stm32f429xx.o
    0x0800036c   0x00000008   Code   RO         4709    .text               c_w.l(rt_errno_addr.o)
    0x08000374   0x0000005e   Code   RO         4718    .text               c_w.l(h1_alloc.o)
    0x080003d2   0x0000004e   Code   RO         4720    .text               c_w.l(h1_free.o)
    0x08000420   0x00000034   Code   RO         4776    .text               c_w.l(vsnprintf.o)
    0x08000454   0x00000018   Code   RO         4778    .text               c_w.l(__2printf.o)
    0x0800046c   0x00000094   Code   RO         4806    .text               c_w.l(_printf_hex_int_ll_ptr.o)
    0x08000500   0x00000188   Code   RO         4826    .text               c_w.l(__printf_flags_ss_wp.o)
    0x08000688   0x0000003c   Code   RO         4832    .text               c_w.l(__0sscanf.o)
    0x080006c4   0x0000014c   Code   RO         4834    .text               c_w.l(_scanf_int.o)
    0x08000810   0x00000064   Code   RO         4836    .text               c_w.l(fflush.o)
    0x08000874   0x000000ec   Code   RO         4844    .text               c_w.l(fopen.o)
    0x08000960   0x0000003c   Code   RO         4861    .text               c_w.l(rand.o)
    0x0800099c   0x0000003e   Code   RO         4865    .text               c_w.l(strlen.o)
    0x080009da   0x00000096   Code   RO         4867    .text               c_w.l(strncmp.o)
    0x08000a70   0x00000064   Code   RO         4869    .text               c_w.l(rt_memcpy_w.o)
    0x08000ad4   0x00000010   Code   RO         4871    .text               c_w.l(aeabi_memset.o)
    0x08000ae4   0x0000004e   Code   RO         4873    .text               c_w.l(rt_memclr_w.o)
    0x08000b32   0x00000002   PAD
    0x08000b34   0x00000080   Code   RO         4875    .text               c_w.l(strcmpv7m.o)
    0x08000bb4   0x00000024   Code   RO         4882    .text               c_w.l(init_aeabi.o)
    0x08000bd8   0x00000022   Code   RO         4994    .text               cpprt_w.l(aeabi_vec_dtor_noexceptions.o)
    0x08000bfa   0x00000002   PAD
    0x08000bfc   0x00000008   Code   RO         5015    .text               c_w.l(rt_heap_descriptor.o)
    0x08000c04   0x00000004   Code   RO         5020    .text               c_w.l(hguard.o)
    0x08000c08   0x0000008a   Code   RO         5022    .text               c_w.l(init_alloc.o)
    0x08000c92   0x0000000e   Code   RO         5026    .text               c_w.l(h1_init.o)
    0x08000ca0   0x0000004e   Code   RO         5040    .text               c_w.l(_printf_pad.o)
    0x08000cee   0x00000024   Code   RO         5042    .text               c_w.l(_printf_truncate.o)
    0x08000d12   0x00000052   Code   RO         5044    .text               c_w.l(_printf_str.o)
    0x08000d64   0x000000b2   Code   RO         5046    .text               c_w.l(_printf_intcommon.o)
    0x08000e16   0x00000002   PAD
    0x08000e18   0x00000078   Code   RO         5048    .text               c_w.l(_printf_dec.o)
    0x08000e90   0x00000028   Code   RO         5050    .text               c_w.l(_printf_charcount.o)
    0x08000eb8   0x00000030   Code   RO         5052    .text               c_w.l(_printf_char_common.o)
    0x08000ee8   0x0000000a   Code   RO         5054    .text               c_w.l(_sputc.o)
    0x08000ef2   0x00000010   Code   RO         5056    .text               c_w.l(_snputc.o)
    0x08000f02   0x00000002   PAD
    0x08000f04   0x00000024   Code   RO         5058    .text               c_w.l(_printf_char_file.o)
    0x08000f28   0x000000bc   Code   RO         5060    .text               c_w.l(_printf_wctomb.o)
    0x08000fe4   0x0000007c   Code   RO         5063    .text               c_w.l(_printf_longlong_dec.o)
    0x08001060   0x00000070   Code   RO         5069    .text               c_w.l(_printf_oct_int_ll.o)
    0x080010d0   0x0000001c   Code   RO         5092    .text               c_w.l(_chval.o)
    0x080010ec   0x0000002c   Code   RO         5094    .text               c_w.l(scanf_char.o)
    0x08001118   0x00000040   Code   RO         5096    .text               c_w.l(_sgetc.o)
    0x08001158   0x00000008   Code   RO         5098    .text               c_w.l(ferror.o)
    0x08001160   0x000000f8   Code   RO         5102    .text               c_w.l(fseek.o)
    0x08001258   0x00000046   Code   RO         5104    .text               c_w.l(setvbuf.o)
    0x0800129e   0x00000002   PAD
    0x080012a0   0x000000f0   Code   RO         5106    .text               c_w.l(stdio.o)
    0x08001390   0x00000138   Code   RO         5109    .text               c_w.l(initio.o)
    0x080014c8   0x0000004c   Code   RO         5111    .text               c_w.l(fclose.o)
    0x08001514   0x00000044   Code   RO         5119    .text               c_w.l(rt_memclr.o)
    0x08001558   0x00000034   Code   RO         5218    .text               c_w.l(h1_extend.o)
    0x0800158c   0x0000008a   Code   RO         5222    .text               c_w.l(lludiv10.o)
    0x08001616   0x00000012   Code   RO         5224    .text               c_w.l(isspace.o)
    0x08001628   0x0000041a   Code   RO         5226    .text               c_w.l(_printf_fp_dec.o)
    0x08001a42   0x00000002   PAD
    0x08001a44   0x000002fc   Code   RO         5228    .text               c_w.l(_printf_fp_hex.o)
    0x08001d40   0x0000002c   Code   RO         5233    .text               c_w.l(_printf_char.o)
    0x08001d6c   0x0000002c   Code   RO         5235    .text               c_w.l(_printf_wchar.o)
    0x08001d98   0x00000374   Code   RO         5237    .text               c_w.l(_scanf.o)
    0x0800210c   0x00000042   Code   RO         5243    .text               c_w.l(ftell.o)
    0x0800214e   0x00000040   Code   RO         5261    .text               c_w.l(_wcrtomb.o)
    0x0800218e   0x0000000e   Code   RO         5263    .text               c_w.l(defsig_rtred_outer.o)
    0x0800219c   0x0000000e   Code   RO         5267    .text               c_w.l(defsig_rtmem_outer.o)
    0x080021aa   0x00000002   PAD
    0x080021ac   0x00000050   Code   RO         5271    .text               c_w.l(heapauxa.o)
    0x080021fc   0x00000010   Code   RO         5312    .text               c_w.l(rt_ctype_table.o)
    0x0800220c   0x00000008   Code   RO         5316    .text               c_w.l(rt_locale.o)
    0x08002214   0x00000080   Code   RO         5328    .text               c_w.l(_printf_fp_infnan.o)
    0x08002294   0x000000dc   Code   RO         5330    .text               c_w.l(bigflt0.o)
    0x08002370   0x000001d6   Code   RO         5355    .text               c_w.l(flsbuf.o)
    0x08002546   0x0000000a   Code   RO         5362    .text               c_w.l(defsig_exit.o)
    0x08002550   0x00000034   Code   RO         5364    .text               c_w.l(defsig_rtred_inner.o)
    0x08002584   0x00000050   Code   RO         5366    .text               c_w.l(defsig_rtmem_inner.o)
    0x080025d4   0x0000000c   Code   RO         5394    .text               c_w.l(sys_exit.o)
    0x080025e0   0x00000032   Code   RO         5413    .text               c_w.l(defsig_general.o)
    0x08002612   0x0000000e   Code   RO         5421    .text               c_w.l(sys_wrch.o)
    0x08002620   0x00000002   Code   RO         5423    .text               c_w.l(use_no_semi.o)
    0x08002622   0x00000000   Code   RO         5425    .text               c_w.l(indicate_semi.o)
    0x08002622   0x0000003e   Code   RO         5333    CL$$btod_d2e        c_w.l(btod.o)
    0x08002660   0x00000046   Code   RO         5335    CL$$btod_d2e_denorm_low  c_w.l(btod.o)
    0x080026a6   0x00000060   Code   RO         5334    CL$$btod_d2e_norm_op1  c_w.l(btod.o)
    0x08002706   0x00000338   Code   RO         5343    CL$$btod_div_common  c_w.l(btod.o)
    0x08002a3e   0x000000c6   Code   RO         5340    CL$$btod_e2e        c_w.l(btod.o)
    0x08002b04   0x00000028   Code   RO         5337    CL$$btod_ediv       c_w.l(btod.o)
    0x08002b2c   0x00000028   Code   RO         5336    CL$$btod_emul       c_w.l(btod.o)
    0x08002b54   0x00000244   Code   RO         5342    CL$$btod_mult_common  c_w.l(btod.o)
    0x08002d98   0x0000000e   Code   RO         1143    i.$Sub$$main        mbed_sdk_boot.o
    0x08002da6   0x00000002   PAD
    0x08002da8   0x0000000c   Code   RO          730    i.CAN1_RX0_IRQHandler  can_api.o
    0x08002db4   0x0000000c   Code   RO          731    i.CAN1_SCE_IRQHandler  can_api.o
    0x08002dc0   0x0000000c   Code   RO          732    i.CAN1_TX_IRQHandler  can_api.o
    0x08002dcc   0x0000000c   Code   RO          733    i.CAN2_RX0_IRQHandler  can_api.o
    0x08002dd8   0x0000000c   Code   RO          734    i.CAN2_SCE_IRQHandler  can_api.o
    0x08002de4   0x0000000c   Code   RO          735    i.CAN2_TX_IRQHandler  can_api.o
    0x08002df0   0x00000024   Code   RO         1773    i.HAL_DMA_Abort_IT  stm32f4xx_hal_dma.o
    0x08002e14   0x0000000c   Code   RO         1382    i.HAL_GetTick       stm32f4xx_hal.o
    0x08002e20   0x00000010   Code   RO         1384    i.HAL_IncTick       stm32f4xx_hal.o
    0x08002e30   0x00000030   Code   RO         1385    i.HAL_Init          stm32f4xx_hal.o
    0x08002e60   0x0000000c   Code   RO          865    i.HAL_InitPre       hal_init_pre.o
    0x08002e6c   0x000000cc   Code   RO          879    i.HAL_InitTick      hal_tick_32b.o
    0x08002f38   0x00000002   Code   RO         2567    i.HAL_MspInit       stm32f4xx_hal_msp_template.o
    0x08002f3a   0x00000002   PAD
    0x08002f3c   0x00000024   Code   RO         1574    i.HAL_NVIC_SetPriorityGrouping  stm32f4xx_hal_cortex.o
    0x08002f60   0x0000009c   Code   RO         2837    i.HAL_PWREx_EnableOverDrive  stm32f4xx_hal_pwr_ex.o
    0x08002ffc   0x00000198   Code   RO         2862    i.HAL_RCC_ClockConfig  stm32f4xx_hal_rcc.o
    0x08003194   0x00000040   Code   RO         2866    i.HAL_RCC_GetClockConfig  stm32f4xx_hal_rcc.o
    0x080031d4   0x00000030   Code   RO         2869    i.HAL_RCC_GetPCLK1Freq  stm32f4xx_hal_rcc.o
    0x08003204   0x00000030   Code   RO         2870    i.HAL_RCC_GetPCLK2Freq  stm32f4xx_hal_rcc.o
    0x08003234   0x00000094   Code   RO         2871    i.HAL_RCC_GetSysClockFreq  stm32f4xx_hal_rcc.o
    0x080032c8   0x000003b4   Code   RO         2874    i.HAL_RCC_OscConfig  stm32f4xx_hal_rcc.o
    0x0800367c   0x00000002   Code   RO         3370    i.HAL_SPI_ErrorCallback  stm32f4xx_hal_spi.o
    0x0800367e   0x00000002   PAD
    0x08003680   0x000000f4   Code   RO         3373    i.HAL_SPI_IRQHandler  stm32f4xx_hal_spi.o
    0x08003774   0x0000008c   Code   RO         3374    i.HAL_SPI_Init      stm32f4xx_hal_spi.o
    0x08003800   0x00000002   Code   RO         3376    i.HAL_SPI_MspInit   stm32f4xx_hal_spi.o
    0x08003802   0x00000002   PAD
    0x08003804   0x000000d4   Code   RO         3379    i.HAL_SPI_Receive_IT  stm32f4xx_hal_spi.o
    0x080038d8   0x00000002   Code   RO         3380    i.HAL_SPI_RxCpltCallback  stm32f4xx_hal_spi.o
    0x080038da   0x00000002   PAD
    0x080038dc   0x000000cc   Code   RO         3385    i.HAL_SPI_TransmitReceive_IT  stm32f4xx_hal_spi.o
    0x080039a8   0x000000c0   Code   RO         3387    i.HAL_SPI_Transmit_IT  stm32f4xx_hal_spi.o
    0x08003a68   0x00000002   Code   RO         3388    i.HAL_SPI_TxCpltCallback  stm32f4xx_hal_spi.o
    0x08003a6a   0x00000002   Code   RO         3390    i.HAL_SPI_TxRxCpltCallback  stm32f4xx_hal_spi.o
    0x08003a6c   0x00000036   Code   RO         3570    i.HAL_TIM_OC_Init   stm32f4xx_hal_tim.o
    0x08003aa2   0x00000002   Code   RO         3572    i.HAL_TIM_OC_MspInit  stm32f4xx_hal_tim.o
    0x08003aa4   0x00000040   Code   RO         3573    i.HAL_TIM_OC_Start  stm32f4xx_hal_tim.o
    0x08003ae4   0x00000062   Code   RO         3822    i.HAL_UART_Init     stm32f4xx_hal_uart.o
    0x08003b46   0x00000002   Code   RO         3824    i.HAL_UART_MspInit  stm32f4xx_hal_uart.o
    0x08003b48   0x00000044   Code   RO         3392    i.SPI_2linesRxISR_16BIT  stm32f4xx_hal_spi.o
    0x08003b8c   0x00000022   Code   RO         3393    i.SPI_2linesRxISR_16BITCRC  stm32f4xx_hal_spi.o
    0x08003bae   0x00000002   PAD
    0x08003bb0   0x00000044   Code   RO         3394    i.SPI_2linesRxISR_8BIT  stm32f4xx_hal_spi.o
    0x08003bf4   0x0000002c   Code   RO         3395    i.SPI_2linesRxISR_8BITCRC  stm32f4xx_hal_spi.o
    0x08003c20   0x0000004e   Code   RO         3396    i.SPI_2linesTxISR_16BIT  stm32f4xx_hal_spi.o
    0x08003c6e   0x0000004c   Code   RO         3397    i.SPI_2linesTxISR_8BIT  stm32f4xx_hal_spi.o
    0x08003cba   0x00000002   PAD
    0x08003cbc   0x000000c4   Code   RO         3400    i.SPI_CloseRxTx_ISR  stm32f4xx_hal_spi.o
    0x08003d80   0x0000006c   Code   RO         3401    i.SPI_CloseRx_ISR   stm32f4xx_hal_spi.o
    0x08003dec   0x00000010   Code   RO         3402    i.SPI_DMAAbortOnError  stm32f4xx_hal_spi.o
    0x08003dfc   0x0000004c   Code   RO         3412    i.SPI_RxISR_16BIT   stm32f4xx_hal_spi.o
    0x08003e48   0x00000022   Code   RO         3413    i.SPI_RxISR_16BITCRC  stm32f4xx_hal_spi.o
    0x08003e6a   0x00000002   PAD
    0x08003e6c   0x00000048   Code   RO         3414    i.SPI_RxISR_8BIT    stm32f4xx_hal_spi.o
    0x08003eb4   0x0000001a   Code   RO         3415    i.SPI_RxISR_8BITCRC  stm32f4xx_hal_spi.o
    0x08003ece   0x00000002   PAD
    0x08003ed0   0x000000c4   Code   RO         3416    i.SPI_TxISR_16BIT   stm32f4xx_hal_spi.o
    0x08003f94   0x000000c4   Code   RO         3417    i.SPI_TxISR_8BIT    stm32f4xx_hal_spi.o
    0x08004058   0x0000009a   Code   RO         3418    i.SPI_WaitFlagStateUntilTimeout  stm32f4xx_hal_spi.o
    0x080040f2   0x00000002   PAD
    0x080040f4   0x000000a4   Code   RO         4309    i.SetSysClock       system_clock.o
    0x08004198   0x00000094   Code   RO         4310    i.SetSysClock_PLL_HSE  system_clock.o
    0x0800422c   0x00000158   Code   RO          807    i.Set_GPIO_Clock    gpio_api.o
    0x08004384   0x00000084   Code   RO         4331    i.SystemCoreClockUpdate  system_stm32f4xx.o
    0x08004408   0x00000040   Code   RO         4312    i.SystemInit        system_clock.o
    0x08004448   0x00000020   Code   RO         4323    i.SystemInitPre     system_init_pre.o
    0x08004468   0x000000c0   Code   RO         3607    i.TIM_Base_SetConfig  stm32f4xx_hal_tim.o
    0x08004528   0x00000344   Code   RO         3845    i.UART_SetConfig    stm32f4xx_hal_uart.o
    0x0800486c   0x00000098   Code   RO            4    i._Z13read_switchesv  main.o
    0x08004904   0x00000038   Code   RO            5    i._Z13spi_readwritet  main.o
    0x0800493c   0x00000050   Code   RO            6    i._Z4pingv          main.o
    0x0800498c   0x0000000c   Code   RO            7    i._Z8fpgaWord5INSTRt  main.o
    0x08004998   0x0000001e   Code   RO           59    i._ZN4mbed10DigitalOutaSEi  main.o
    0x080049b6   0x00000002   PAD
    0x080049b8   0x00000098   Code   RO         4381    i._ZN4mbed3SPI14start_transferEPKviPvihRKNS_8CallbackIFviEEEi  mbed.ar(SPI.o)
    0x08004a50   0x00000040   Code   RO         4383    i._ZN4mbed3SPI18irq_handler_asynchEv  mbed.ar(SPI.o)
    0x08004a90   0x00000100   Code   RO         4385    i._ZN4mbed3SPI19dequeue_transactionEv  mbed.ar(SPI.o)
    0x08004b90   0x0000002c   Code   RO         4388    i._ZN4mbed3SPI4lockEv  mbed.ar(SPI.o)
    0x08004bbc   0x00000048   Code   RO         4390    i._ZN4mbed3SPI5writeEi  mbed.ar(SPI.o)
    0x08004c04   0x00000050   Code   RO         4392    i._ZN4mbed3SPI6formatEii  mbed.ar(SPI.o)
    0x08004c54   0x0000002c   Code   RO         4393    i._ZN4mbed3SPI6unlockEv  mbed.ar(SPI.o)
    0x08004c80   0x0000004c   Code   RO         4396    i._ZN4mbed3SPI9frequencyEi  mbed.ar(SPI.o)
    0x08004ccc   0x000000c0   Code   RO         4397    i._ZN4mbed3SPIC1E7PinNameS1_S1_S1_  mbed.ar(SPI.o)
    0x08004d8c   0x00000020   Code   RO         4459    i._ZN4mbed3SPID1Ev  mbed.ar(SPI.o)
    0x08004dac   0x00000004   Code   RO         4673    i._ZN4mbed8FileBase11getPathTypeEv  mbed.ar(FileBase.o)
    0x08004db0   0x0000006c   Code   RO         4675    i._ZN4mbed8FileBase6lookupEPKcj  mbed.ar(FileBase.o)
    0x08004e1c   0x0000001e   Code   RO         4544    i._ZN4mbed8FilePath10fileSystemEv  mbed.ar(FilePath.o)
    0x08004e3a   0x0000001c   Code   RO         4546    i._ZN4mbed8FilePath4fileEv  mbed.ar(FilePath.o)
    0x08004e56   0x0000000a   Code   RO         4547    i._ZN4mbed8FilePath6existsEv  mbed.ar(FilePath.o)
    0x08004e60   0x00000018   Code   RO         4548    i._ZN4mbed8FilePath6isFileEv  mbed.ar(FilePath.o)
    0x08004e78   0x00000004   Code   RO         4549    i._ZN4mbed8FilePath8fileNameEv  mbed.ar(FilePath.o)
    0x08004e7c   0x00000040   Code   RO         4550    i._ZN4mbed8FilePathC1EPKc  mbed.ar(FilePath.o)
    0x08004ebc   0x00000030   Code   RO         5392    i.__ARM_fpclassify  m_wm.l(fpclassify.o)
    0x08004eec   0x00000004   Code   RO         1018    i.__aeabi_atexit    mbed_retarget.o
    0x08004ef0   0x00000024   Code   RO         4991    i.__aeabi_vec_ctor_nocookie_nodtor  cpprt_w.l(aeabi_vec_ctor_nocookie_nodtor.o)
    0x08004f14   0x00000034   Code   RO         4398    i.__sti___7_SPI_cpp_ab1f1164  mbed.ar(SPI.o)
    0x08004f48   0x00000060   Code   RO            8    i.__sti___8_main_cpp_161c29f6  main.o
    0x08004fa8   0x00000010   Code   RO         4303    i.__user_setup_stackheap  sys.o
    0x08004fb8   0x0000000e   Code   RO         4819    i._is_digit         c_w.l(__printf_wp.o)
    0x08004fc6   0x00000002   PAD
    0x08004fc8   0x00000020   Code   RO         1144    i._platform_post_stackheap_init  mbed_sdk_boot.o
    0x08004fe8   0x0000004c   Code   RO         1021    i._sys_close        mbed_retarget.o
    0x08005034   0x0000004c   Code   RO         1024    i._sys_flen         mbed_retarget.o
    0x08005080   0x00000040   Code   RO         1025    i._sys_istty        mbed_retarget.o
    0x080050c0   0x00000214   Code   RO         1026    i._sys_open         mbed_retarget.o
    0x080052d4   0x00000050   Code   RO         1028    i._sys_seek         mbed_retarget.o
    0x08005324   0x0000007c   Code   RO         1029    i._sys_write        mbed_retarget.o
    0x080053a0   0x0000012c   Code   RO          741    i.can_irq           can_api.o
    0x080054cc   0x0000008c   Code   RO         4608    i.core_util_critical_section_enter  mbed.ar(mbed_critical.o)
    0x08005558   0x00000058   Code   RO         4609    i.core_util_critical_section_exit  mbed.ar(mbed_critical.o)
    0x080055b0   0x00000028   Code   RO         4586    i.error             mbed.ar(mbed_error.o)
    0x080055d8   0x00000020   Code   RO         1031    i.exit              mbed_retarget.o
    0x080055f8   0x0000001a   Code   RO         5240    i.fputc             c_w.l(fputc.o)
    0x08005612   0x00000062   Code   RO          819    i.gpio_dir          gpio_api.o
    0x08005674   0x00000050   Code   RO          808    i.gpio_init         gpio_api.o
    0x080056c4   0x00000028   Code   RO         4484    i.gpio_init_in      mbed.ar(mbed_gpio.o)
    0x080056ec   0x00000030   Code   RO         4487    i.gpio_init_out     mbed.ar(mbed_gpio.o)
    0x0800571c   0x00000008   Code   RO          809    i.gpio_mode         gpio_api.o
    0x08005724   0x00000044   Code   RO         4266    i.init_spi          stm_spi_api.o
    0x08005768   0x00000080   Code   RO         1280    i.init_uart         serial_api.o
    0x080057e8   0x000000c8   Code   RO            9    i.main              main.o
    0x080058b0   0x00000054   Code   RO         4571    i.mbed_assert_internal  mbed.ar(mbed_assert.o)
    0x08005904   0x0000002a   Code   RO          989    i.mbed_die          mbed_board.o
    0x0800592e   0x00000002   PAD
    0x08005930   0x00000054   Code   RO          990    i.mbed_error_printf  mbed_board.o
    0x08005984   0x00000050   Code   RO          991    i.mbed_error_vfprintf  mbed_board.o
    0x080059d4   0x00000002   Code   RO         1146    i.mbed_main         mbed_sdk_boot.o
    0x080059d6   0x00000016   Code   RO         1001    i.mbed_sdk_init     mbed_overrides.o
    0x080059ec   0x000001d0   Code   RO         1183    i.pin_function      pinmap.o
    0x08005bbc   0x00000104   Code   RO         1184    i.pin_mode          pinmap.o
    0x08005cc0   0x0000003c   Code   RO         4516    i.pinmap_merge      mbed.ar(mbed_pinmap_common.o)
    0x08005cfc   0x00000060   Code   RO         4517    i.pinmap_peripheral  mbed.ar(mbed_pinmap_common.o)
    0x08005d5c   0x0000005c   Code   RO         4518    i.pinmap_pinout     mbed.ar(mbed_pinmap_common.o)
    0x08005db8   0x0000004a   Code   RO         4647    i.schedule_interrupt  mbed.ar(mbed_ticker_api.o)
    0x08005e02   0x00000006   Code   RO         1299    i.serial_baud       serial_device.o
    0x08005e08   0x00000264   Code   RO         1304    i.serial_init       serial_device.o
    0x0800606c   0x00000028   Code   RO         1307    i.serial_putc       serial_device.o
    0x08006094   0x00000018   Code   RO         1285    i.serial_writable   serial_api.o
    0x080060ac   0x00000088   Code   RO         4270    i.spi_format        stm_spi_api.o
    0x08006134   0x00000064   Code   RO         4272    i.spi_frequency     stm_spi_api.o
    0x08006198   0x0000006c   Code   RO         1356    i.spi_get_clock_freq  spi_api.o
    0x08006204   0x00000204   Code   RO         4273    i.spi_init          stm_spi_api.o
    0x08006408   0x0000007c   Code   RO         4301    i.spi_irq_handler_asynch  stm_spi_api.o
    0x08006484   0x000000e8   Code   RO         4275    i.spi_master_start_asynch_transfer  stm_spi_api.o
    0x0800656c   0x000000c8   Code   RO         4276    i.spi_master_transfer  stm_spi_api.o
    0x08006634   0x00000032   Code   RO         4277    i.spi_master_write  stm_spi_api.o
    0x08006666   0x0000005c   Code   RO         4651    i.ticker_irq_handler  mbed.ar(mbed_ticker_api.o)
    0x080066c2   0x00000002   PAD
    0x080066c4   0x00000064   Code   RO          882    i.timer_irq_handler  hal_tick_32b.o
    0x08006728   0x00000028   Code   RO         4656    i.update_present_time  mbed.ar(mbed_ticker_api.o)
    0x08006750   0x00000018   Code   RO         4360    i.us_ticker_clear_interrupt  us_ticker_32b.o
    0x08006768   0x00000018   Code   RO         4361    i.us_ticker_disable_interrupt  us_ticker_32b.o
    0x08006780   0x00000028   Code   RO         4362    i.us_ticker_init    us_ticker_32b.o
    0x080067a8   0x0000000c   Code   RO         4532    i.us_ticker_irq_handler  mbed.ar(mbed_us_ticker_api.o)
    0x080067b4   0x00000030   Code   RO         4363    i.us_ticker_read    us_ticker_32b.o
    0x080067e4   0x0000003c   Code   RO         4364    i.us_ticker_set_interrupt  us_ticker_32b.o
    0x08006820   0x0000001c   Code   RO         4636    i.wait_ms           mbed.ar(mbed_wait_api_no_rtos.o)
    0x0800683c   0x00000018   Code   RO         4637    i.wait_us           mbed.ar(mbed_wait_api_no_rtos.o)
    0x08006854   0x0000002c   Code   RO         5358    locale$$code        c_w.l(lc_numeric_c.o)
    0x08006880   0x0000002c   Code   RO         5407    locale$$code        c_w.l(lc_ctype_c.o)
    0x080068ac   0x0000002c   Code   RO         4700    t._ZN12SingletonPtrI13PlatformMutexEptEv  mbed.ar(FileBase.o)
    0x080068d8   0x0000001a   Code   RO         4465    t._ZN4mbed11TransactionINS_3SPIEEC1Ev  mbed.ar(SPI.o)
    0x080068f2   0x00000016   Code   RO         4474    t._ZN4mbed11TransactionINS_3SPIEED1Ev  mbed.ar(SPI.o)
    0x08006908   0x00000018   Code   RO         4471    t._ZN4mbed14CircularBufferINS_11TransactionINS_3SPIEEELj2EjED1Ev  mbed.ar(SPI.o)
    0x08006920   0x00000036   Code   RO         4462    t._ZN6CThunkIN4mbed3SPIEE10trampolineEPS1_PvPMS1_FvS4_E  mbed.ar(SPI.o)
    0x08006956   0x0000000a   Code   RO         5310    x$fpl$fpinit        fz_wm.l(fpinit.o)
    0x08006960   0x00000004   Code   RO         5190    x$fpl$printf1       fz_wm.l(printf1.o)
    0x08006964   0x00000004   Code   RO         5192    x$fpl$printf2       fz_wm.l(printf2.o)
    0x08006968   0x00000000   Code   RO         5198    x$fpl$usenofp       fz_wm.l(usenofp.o)
    0x08006968   0x00000017   Data   RO         1078    .constdata          mbed_retarget.o
    0x0800697f   0x00000001   PAD
    0x08006980   0x000000c0   Data   RO         1167    .constdata          PeripheralPins.o
    0x08006a40   0x000000c0   Data   RO         1168    .constdata          PeripheralPins.o
    0x08006b00   0x0000009c   Data   RO         1171    .constdata          PeripheralPins.o
    0x08006b9c   0x00000084   Data   RO         1172    .constdata          PeripheralPins.o
    0x08006c20   0x00000090   Data   RO         1173    .constdata          PeripheralPins.o
    0x08006cb0   0x00000084   Data   RO         1174    .constdata          PeripheralPins.o
    0x08006d34   0x00000040   Data   RO         1185    .constdata          pinmap.o
    0x08006d74   0x00000010   Data   RO         4281    .constdata          stm_spi_api.o
    0x08006d84   0x00000010   Data   RO         4332    .constdata          system_stm32f4xx.o
    0x08006d94   0x00000008   Data   RO         4333    .constdata          system_stm32f4xx.o
    0x08006d9c   0x00000010   Data   RO         4421    .constdata          mbed.ar(SPI.o)
    0x08006dac   0x00000014   Data   RO         4534    .constdata          mbed.ar(mbed_us_ticker_api.o)
    0x08006dc0   0x00000008   Data   RO         4535    .constdata          mbed.ar(mbed_us_ticker_api.o)
    0x08006dc8   0x00000028   Data   RO         4807    .constdata          c_w.l(_printf_hex_int_ll_ptr.o)
    0x08006df0   0x00000011   Data   RO         4827    .constdata          c_w.l(__printf_flags_ss_wp.o)
    0x08006e01   0x00000003   PAD
    0x08006e04   0x00000008   Data   RO         5061    .constdata          c_w.l(_printf_wctomb.o)
    0x08006e0c   0x00000026   Data   RO         5229    .constdata          c_w.l(_printf_fp_hex.o)
    0x08006e32   0x00000002   PAD
    0x08006e34   0x00000094   Data   RO         5331    .constdata          c_w.l(bigflt0.o)
    0x08006ec8   0x00000020   Data   RO         4455    .constdata__ZTVN4mbed3SPIE  mbed.ar(SPI.o)
    0x08006ee8   0x00000014   Data   RO         1138    .constdata__ZZN12SingletonPtrI13PlatformMutexE3getEvEs  mbed_retarget.o
    0x08006efc   0x00000059   Data   RO         1139    .constdata__ZZN12SingletonPtrI13PlatformMutexE3getEvEs_0  mbed_retarget.o
    0x08006f55   0x00000003   PAD
    0x08006f58   0x00000052   Data   RO         1186    .conststring        pinmap.o
    0x08006faa   0x00000002   PAD
    0x08006fac   0x00000068   Data   RO         1319    .conststring        serial_device.o
    0x08007014   0x00000057   Data   RO         4282    .conststring        stm_spi_api.o
    0x0800706b   0x00000001   PAD
    0x0800706c   0x0000004f   Data   RO         4611    .conststring        mbed.ar(mbed_critical.o)
    0x080070bb   0x00000001   PAD
    0x080070bc   0x00000020   Data   RO         5446    Region$$Table       anon$$obj.o
    0x080070dc   0x0000001c   Data   RO         5357    locale$$data        c_w.l(lc_numeric_c.o)
    0x080070f8   0x00000110   Data   RO         5406    locale$$data        c_w.l(lc_ctype_c.o)
    0x08007208   0x00000004   Data   RO           17    .init_array         main.o
    0x0800720c   0x00000004   Data   RO         4423    .init_array         mbed.ar(SPI.o)
    0x08007210   0x00000000   Data   RO         4880    .init_array         c_w.l(init_aeabi.o)


    Execution Region RW_IRAM1 (Base: 0x200001ac, Size: 0x00000880, Max: 0x0002fe54, ABSOLUTE)

    Base Addr    Size         Type   Attr      Idx    E Section Name        Object

    0x200001ac   0x0000000c   Data   RW          755    .data               can_api.o
    0x200001b8   0x00000004   Data   RW          883    .data               hal_tick_32b.o
    0x200001bc   0x00000008   Data   RW         1081    .data               mbed_retarget.o
    0x200001c4   0x00000008   Data   RW         1320    .data               serial_device.o
    0x200001cc   0x00000004   Data   RW         1391    .data               stm32f4xx_hal.o
    0x200001d0   0x00000004   Data   RW         4334    .data               system_stm32f4xx.o
    0x200001d4   0x00000004   Data   RW         4366    .data               us_ticker_32b.o
    0x200001d8   0x0000000c   Data   RW         4422    .data               mbed.ar(SPI.o)
    0x200001e4   0x00000001   Data   RW         4587    .data               mbed.ar(mbed_error.o)
    0x200001e5   0x00000003   PAD
    0x200001e8   0x00000008   Data   RW         4612    .data               mbed.ar(mbed_critical.o)
    0x200001f0   0x0000000c   Data   RW         4687    .data               mbed.ar(FileBase.o)
    0x200001fc   0x00000004   Data   RW         4851    .data               c_w.l(stdio_streams.o)
    0x20000200   0x00000004   Data   RW         4852    .data               c_w.l(stdio_streams.o)
    0x20000204   0x00000004   Data   RW         4853    .data               c_w.l(stdio_streams.o)
    0x20000208   0x00000004   Data   RW         5272    .data               c_w.l(heapauxa.o)
    0x2000020c   0x00000114   Zero   RW           16    .bss                main.o
    0x20000320   0x00000044   Zero   RW          752    .bss                can_api.o
    0x20000364   0x00000144   Zero   RW         1077    .bss                mbed_retarget.o
    0x200004a8   0x000002cc   Zero   RW         1318    .bss                serial_device.o
    0x20000774   0x0000003c   Zero   RW         4365    .bss                us_ticker_32b.o
    0x200007b0   0x00000064   Zero   RW         4420    .bss                mbed.ar(SPI.o)
    0x20000814   0x00000004   PAD
    0x20000818   0x00000018   Zero   RW         4533    .bss                mbed.ar(mbed_us_ticker_api.o)
    0x20000830   0x00000004   Zero   RW         4710    .bss                c_w.l(rt_errno_addr.o)
    0x20000834   0x00000054   Zero   RW         4848    .bss                c_w.l(stdio_streams.o)
    0x20000888   0x00000054   Zero   RW         4849    .bss                c_w.l(stdio_streams.o)
    0x200008dc   0x00000054   Zero   RW         4850    .bss                c_w.l(stdio_streams.o)
    0x20000930   0x000000e4   Zero   RW         4862    .bss                c_w.l(rand.o)
    0x20000a14   0x00000004   Zero   RW         5016    .bss                c_w.l(rt_heap_descriptor.o)
    0x20000a18   0x00000014   Zero   RW         5317    .bss                c_w.l(rt_locale.o)


==============================================================================

Image component sizes


      Code (inc. data)   RO Data    RW Data    ZI Data      Debug   Object Name

         0          0        948          0          0          0   PeripheralPins.o
       372         46          0         12         68        844   can_api.o
       530        100          0          0          0        504   gpio_api.o
        12          0          0          0          0        124   hal_init_pre.o
       304         48          0          4          0        260   hal_tick_32b.o
       626        124          4          0        276     670553   main.o
       206         18          0          0          0        404   mbed_board.o
        22          0          0          0          0        128   mbed_overrides.o
       988         88        132          8        324       1052   mbed_retarget.o
        48          6          0          0          0        368   mbed_sdk_boot.o
       724         62        146          0          0        268   pinmap.o
       152         34          0          0          0        244   serial_api.o
       658         76        104          8        716        380   serial_device.o
       108         34          0          0          0        124   spi_api.o
        52         16        428          0          0        276   startup_stm32f429xx.o
        76         18          0          4          0        356   stm32f4xx_hal.o
        36          6          0          0          0        116   stm32f4xx_hal_cortex.o
        36          0          0          0          0        116   stm32f4xx_hal_dma.o
         2          0          0          0          0        116   stm32f4xx_hal_msp_template.o
       156          8          0          0          0        132   stm32f4xx_hal_pwr_ex.o
      1664        110          0          0          0        756   stm32f4xx_hal_rcc.o
      2444         74          0          0          0       3260   stm32f4xx_hal_spi.o
       312         20          0          0          0        492   stm32f4xx_hal_tim.o
       936         14          0          0          0        376   stm32f4xx_hal_uart.o
      1426        116        103          0          0       1040   stm_spi_api.o
        16          6          0          0          0        116   sys.o
       376         34          0          0          0        404   system_clock.o
        32         14          0          0          0        116   system_init_pre.o
       132         20         24          4          0        132   system_stm32f4xx.o
       196         64          0          4         60        588   us_ticker_32b.o

    ----------------------------------------------------------------------
     12666       1156       1928         44       1444     683645   Object Totals
         0          0         32          0          0          0   (incl. Generated)
        24          0          7          0          0          0   (incl. Padding)

    ----------------------------------------------------------------------

      Code (inc. data)   RO Data    RW Data    ZI Data      Debug   Library Member Name

        60          8          0          0          0         84   __0sscanf.o
        24          4          0          0          0         84   __2printf.o
         8          0          0          0          0         68   __main.o
       392          4         17          0          0         92   __printf_flags_ss_wp.o
        14          0          0          0          0         68   __printf_wp.o
         0          0          0          0          0          0   __rtentry.o
        20          0          0          0          0          0   __rtentry2.o
         6          0          0          0          0          0   __rtentry4.o
        52          8          0          0          0          0   __scatter.o
        26          0          0          0          0          0   __scatter_copy.o
        28          0          0          0          0          0   __scatter_zi.o
        28          0          0          0          0         68   _chval.o
         6          0          0          0          0          0   _printf_a.o
         6          0          0          0          0          0   _printf_c.o
        44          0          0          0          0        108   _printf_char.o
        48          6          0          0          0         96   _printf_char_common.o
        36          4          0          0          0         80   _printf_char_file.o
        40          0          0          0          0         68   _printf_charcount.o
         6          0          0          0          0          0   _printf_d.o
       120         16          0          0          0         92   _printf_dec.o
         6          0          0          0          0          0   _printf_e.o
         6          0          0          0          0          0   _printf_f.o
      1050          0          0          0          0        216   _printf_fp_dec.o
       764          8         38          0          0        100   _printf_fp_hex.o
       128         16          0          0          0         84   _printf_fp_infnan.o
         6          0          0          0          0          0   _printf_g.o
       148          4         40          0          0        160   _printf_hex_int_ll_ptr.o
         6          0          0          0          0          0   _printf_i.o
       178          0          0          0          0         88   _printf_intcommon.o
        10          0          0          0          0          0   _printf_l.o
         6          0          0          0          0          0   _printf_lc.o
        10          0          0          0          0          0   _printf_ll.o
         6          0          0          0          0          0   _printf_lld.o
         6          0          0          0          0          0   _printf_lli.o
         6          0          0          0          0          0   _printf_llo.o
         6          0          0          0          0          0   _printf_llu.o
         6          0          0          0          0          0   _printf_llx.o
       124         16          0          0          0         92   _printf_longlong_dec.o
         6          0          0          0          0          0   _printf_ls.o
         6          0          0          0          0          0   _printf_n.o
         6          0          0          0          0          0   _printf_o.o
       112         10          0          0          0        124   _printf_oct_int_ll.o
         6          0          0          0          0          0   _printf_p.o
        78          0          0          0          0        108   _printf_pad.o
         0          0          0          0          0          0   _printf_percent.o
         4          0          0          0          0          0   _printf_percent_end.o
         6          0          0          0          0          0   _printf_s.o
        82          0          0          0          0         80   _printf_str.o
        36          0          0          0          0         84   _printf_truncate.o
         6          0          0          0          0          0   _printf_u.o
        44          0          0          0          0        108   _printf_wchar.o
       188          6          8          0          0         92   _printf_wctomb.o
         6          0          0          0          0          0   _printf_x.o
       884          6          0          0          0        100   _scanf.o
       332          0          0          0          0         96   _scanf_int.o
        64          0          0          0          0         84   _sgetc.o
        16          0          0          0          0         68   _snputc.o
        10          0          0          0          0         68   _sputc.o
        64          0          0          0          0         92   _wcrtomb.o
        16          0          0          0          0         68   aeabi_memset.o
       220          4        148          0          0         96   bigflt0.o
      1910        128          0          0          0        672   btod.o
        10          0          0          0          0         68   defsig_exit.o
        50          0          0          0          0         88   defsig_general.o
        80         58          0          0          0         76   defsig_rtmem_inner.o
        14          0          0          0          0         80   defsig_rtmem_outer.o
        52         38          0          0          0         76   defsig_rtred_inner.o
        14          0          0          0          0         80   defsig_rtred_outer.o
        76          0          0          0          0         88   fclose.o
         8          0          0          0          0         68   ferror.o
       100          4          0          0          0        120   fflush.o
       470          0          0          0          0         88   flsbuf.o
       236          4          0          0          0        128   fopen.o
        26          0          0          0          0         68   fputc.o
       248          6          0          0          0         84   fseek.o
        66          0          0          0          0         76   ftell.o
        94          0          0          0          0         80   h1_alloc.o
        52          0          0          0          0         68   h1_extend.o
        78          0          0          0          0         80   h1_free.o
        14          0          0          0          0         84   h1_init.o
        80          6          0          4          0         96   heapauxa.o
         4          0          0          0          0        136   hguard.o
         0          0          0          0          0          0   indicate_semi.o
        36         10          0          0          0         80   init_aeabi.o
       138          0          0          0          0        168   init_alloc.o
       312         46          0          0          0        112   initio.o
        18          0          0          0          0         76   isspace.o
        44         10        272          0          0         76   lc_ctype_c.o
        44         10         28          0          0         76   lc_numeric_c.o
         2          0          0          0          0          0   libinit.o
        54          0          0          0          0          0   libinit2.o
         0          0          0          0          0          0   libshutdown2.o
       138          0          0          0          0         80   lludiv10.o
         0          0          0          0          0          0   maybetermalloc1.o
       112         18          0          0        228        160   rand.o
        16          4          0          0          0         76   rt_ctype_table.o
         8          4          0          0          4         68   rt_errno_addr.o
         8          4          0          0          4         68   rt_heap_descriptor.o
         8          4          0          0         20         68   rt_locale.o
        68          0          0          0          0         68   rt_memclr.o
        78          0          0          0          0         80   rt_memclr_w.o
       100          0          0          0          0         80   rt_memcpy_w.o
        44          8          0          0          0         84   scanf_char.o
        70          0          0          0          0         80   setvbuf.o
       240          6          0          0          0        156   stdio.o
         0          0          0         12        252          0   stdio_streams.o
       128          0          0          0          0         68   strcmpv7m.o
        62          0          0          0          0         76   strlen.o
       150          0          0          0          0         80   strncmp.o
        12          4          0          0          0         68   sys_exit.o
        14          0          0          0          0         76   sys_wrch.o
         2          0          0          0          0         68   use_no_semi.o
        52          4          0          0          0         80   vsnprintf.o
        36          0          0          0          0         84   aeabi_vec_ctor_nocookie_nodtor.o
        34          0          0          0          0         84   aeabi_vec_dtor_noexceptions.o
        10          0          0          0          0        116   fpinit.o
         4          0          0          0          0        116   printf1.o
         4          0          0          0          0        116   printf2.o
         0          0          0          0          0          0   usenofp.o
        48          0          0          0          0        124   fpclassify.o
       156         26          0         12          0        368   FileBase.o
       160          0          0          0          0        728   FilePath.o
      1190        112         52         12        100       1952   SPI.o
        84         52          0          0          0        136   mbed_assert.o
       228         98         79          8          0        252   mbed_critical.o
        40          4          0          1          0        136   mbed_error.o
        88          0          0          0          0        272   mbed_gpio.o
       248         76          0          0          0        384   mbed_pinmap_common.o
       206          0          0          0          0        400   mbed_ticker_api.o
        12          6         28          0         24        116   mbed_us_ticker_api.o
        52          0          0          0          0        256   mbed_wait_api_no_rtos.o

    ----------------------------------------------------------------------
     13890        870        716         52        636      13132   Library Totals
        22          0          6          3          4          0   (incl. Padding)

    ----------------------------------------------------------------------

      Code (inc. data)   RO Data    RW Data    ZI Data      Debug   Library Name

     11268        496        551         16        508       7492   c_w.l
        70          0          0          0          0        168   cpprt_w.l
        18          0          0          0          0        348   fz_wm.l
        48          0          0          0          0        124   m_wm.l
      2464        374        159         33        124       5000   mbed.ar

    ----------------------------------------------------------------------
     13890        870        716         52        636      13132   Library Totals

    ----------------------------------------------------------------------

==============================================================================


      Code (inc. data)   RO Data    RW Data    ZI Data      Debug   

     26556       2026       2644         96       2080     678109   Grand Totals
     26556       2026       2644         96       2080     678109   ELF Image Totals
     26556       2026       2644         96          0          0   ROM Totals

==============================================================================

    Total RO  Size (Code + RO Data)                29200 (  28.52kB)
    Total RW  Size (RW Data + ZI Data)              2176 (   2.13kB)
    Total ROM Size (Code + RO Data + RW Data)      29296 (  28.61kB)

==============================================================================

